******************************************************************************
                  TI ARM Linker PC v16.9.6                     
******************************************************************************
>> Linked Wed May 02 16:02:53 2018

OUTPUT FILE NAME:   <rfWsnConcentrator_CC2650_LAUNCHXL_TI.out>
ENTRY POINT SYMBOL: "ResetISR"  address: 00009391


MEMORY CONFIGURATION

         name            origin    length      used     unused   attr    fill
----------------------  --------  ---------  --------  --------  ----  --------
  FLASH                 00000000   00020000  0000d710  000128f0  R  X
  SRAM                  20000000   00005000  00002eb2  0000214e  RW X


SEGMENT ALLOCATION MAP

run origin  load origin   length   init length attrs members
----------  ----------- ---------- ----------- ----- -------
00000000    00000000    0000003c   0000003c    r--
  00000000    00000000    0000003c   0000003c    r-- .resetVecs
00000100    00000100    0000d688   0000d688    r-x
  00000100    00000100    0000003c   0000003c    r-- .const:ti_sysbios_knl_Task_Object__PARAMS__C
  0000013c    0000013c    00000034   00000034    r-- .const:ti_sysbios_knl_Mailbox_Object__PARAMS__C
  00000170    00000170    00000030   00000030    r-- .const:ti_sysbios_family_arm_m3_Hwi_Object__PARAMS__C
  000001a0    000001a0    0000002c   0000002c    r-- .const:ti_sysbios_hal_Hwi_Object__PARAMS__C
  000001cc    000001cc    00000028   00000028    r-- .const:ti_sysbios_heaps_HeapMem_Module__FXNS__C
  000001f4    000001f4    00000028   00000028    r-- .const:ti_sysbios_knl_Swi_Object__PARAMS__C
  0000021c    0000021c    00000024   00000024    r-- .const:ti_sysbios_gates_GateHwi_Module__FXNS__C
  00000240    00000240    00000024   00000024    r-- .const:ti_sysbios_gates_GateMutex_Module__FXNS__C
  00000264    00000264    00000024   00000024    r-- .const:ti_sysbios_heaps_HeapMem_Object__PARAMS__C
  00000288    00000288    00000024   00000024    r-- .const:ti_sysbios_knl_Clock_Object__PARAMS__C
  000002ac    000002ac    00000024   00000024    r-- .const:ti_sysbios_knl_Semaphore_Object__PARAMS__C
  000002d0    000002d0    00000020   00000020    r-- .const:ti_sysbios_family_arm_m3_Hwi_Object__DESC__C
  000002f0    000002f0    00000020   00000020    r-- .const:ti_sysbios_gates_GateHwi_Object__DESC__C
  00000310    00000310    00000020   00000020    r-- .const:ti_sysbios_gates_GateMutex_Object__DESC__C
  00000330    00000330    00000020   00000020    r-- .const:ti_sysbios_hal_Hwi_Object__DESC__C
  00000350    00000350    00000020   00000020    r-- .const:ti_sysbios_heaps_HeapMem_Object__DESC__C
  00000370    00000370    00000020   00000020    r-- .const:ti_sysbios_knl_Clock_Object__DESC__C
  00000390    00000390    00000020   00000020    r-- .const:ti_sysbios_knl_Mailbox_Object__DESC__C
  000003b0    000003b0    00000020   00000020    r-- .const:ti_sysbios_knl_Queue_Object__DESC__C
  000003d0    000003d0    00000020   00000020    r-- .const:ti_sysbios_knl_Semaphore_Object__DESC__C
  000003f0    000003f0    00000020   00000020    r-- .const:ti_sysbios_knl_Swi_Object__DESC__C
  00000410    00000410    00000020   00000020    r-- .const:ti_sysbios_knl_Task_Object__DESC__C
  00000430    00000430    00000018   00000018    r-- .const:ti_sysbios_gates_GateHwi_Object__PARAMS__C
  00000448    00000448    00000018   00000018    r-- .const:ti_sysbios_gates_GateMutex_Object__PARAMS__C
  00000460    00000460    00000018   00000018    r-- .const:ti_sysbios_knl_Queue_Object__PARAMS__C
  00000478    00000478    00000008   00000008    r-- .const:ti_sysbios_knl_Idle_funcList__C
  00000484    00000484    00000004   00000004    r-- .const:ti_sysbios_family_arm_cc26xx_Timer_startupNeeded__C
  00000488    00000488    00000004   00000004    r-- .const:ti_sysbios_family_arm_m3_Hwi_E_alreadyDefined__C
  0000048c    0000048c    00000004   00000004    r-- .const:ti_sysbios_family_arm_m3_Hwi_E_hwiLimitExceeded__C
  00000490    00000490    00000004   00000004    r-- .const:ti_sysbios_family_arm_m3_Hwi_NUM_INTERRUPTS__C
  00000494    00000494    00000004   00000004    r-- .const:ti_sysbios_family_arm_m3_Hwi_Object__count__C
  00000498    00000498    00000004   00000004    r-- .const:ti_sysbios_family_arm_m3_Hwi_Object__table__C
  0000049c    0000049c    00000004   00000004    r-- .const:ti_sysbios_family_arm_m3_Hwi_ccr__C
  000004a0    000004a0    00000004   00000004    r-- .const:ti_sysbios_family_arm_m3_Hwi_excHandlerFunc__C
  000004a4    000004a4    00000004   00000004    r-- .const:ti_sysbios_family_arm_m3_Hwi_nullIsrFunc__C
  000004a8    000004a8    00000004   00000004    r-- .const:ti_sysbios_family_arm_m3_Hwi_numSparseInterrupts__C
  000004ac    000004ac    00000004   00000004    r-- .const:ti_sysbios_family_arm_m3_Hwi_priGroup__C
  000004b0    000004b0    00000004   00000004    r-- .const:ti_sysbios_family_arm_m3_TaskSupport_stackAlignment__C
  000004b4    000004b4    00000004   00000004    r-- .const:ti_sysbios_heaps_HeapMem_E_memory__C
  000004b8    000004b8    00000004   00000004    r-- .const:ti_sysbios_heaps_HeapMem_Module__gateObj__C
  000004bc    000004bc    00000004   00000004    r-- .const:ti_sysbios_heaps_HeapMem_Object__count__C
  000004c0    000004c0    00000004   00000004    r-- .const:ti_sysbios_heaps_HeapMem_Object__table__C
  000004c4    000004c4    00000004   00000004    r-- .const:ti_sysbios_heaps_HeapMem_reqAlign__C
  000004c8    000004c8    00000004   00000004    r-- .const:ti_sysbios_knl_Clock_serviceMargin__C
  000004cc    000004cc    00000004   00000004    r-- .const:ti_sysbios_knl_Mailbox_Object__count__C
  000004d0    000004d0    00000004   00000004    r-- .const:ti_sysbios_knl_Mailbox_Object__table__C
  000004d4    000004d4    00000004   00000004    r-- .const:ti_sysbios_knl_Queue_Object__count__C
  000004d8    000004d8    00000004   00000004    r-- .const:ti_sysbios_knl_Queue_Object__table__C
  000004dc    000004dc    00000004   00000004    r-- .const:ti_sysbios_knl_Swi_Object__count__C
  000004e0    000004e0    00000004   00000004    r-- .const:ti_sysbios_knl_Swi_Object__table__C
  000004e4    000004e4    00000004   00000004    r-- .const:ti_sysbios_knl_Swi_numPriorities__C
  000004e8    000004e8    00000004   00000004    r-- .const:ti_sysbios_knl_Task_Object__count__C
  000004ec    000004ec    00000004   00000004    r-- .const:ti_sysbios_knl_Task_Object__table__C
  000004f0    000004f0    00000004   00000004    r-- .const:ti_sysbios_knl_Task_allBlockedFunc__C
  000004f4    000004f4    00000004   00000004    r-- .const:ti_sysbios_knl_Task_defaultStackHeap__C
  000004f8    000004f8    00000004   00000004    r-- .const:ti_sysbios_knl_Task_defaultStackSize__C
  000004fc    000004fc    00000004   00000004    r-- .const:ti_sysbios_knl_Task_numConstructedTasks__C
  00000502    00000502    00000002   00000002    r-- .const:ti_sysbios_family_arm_cc26xx_Timer_Module__id__C
  00000504    00000504    00000002   00000002    r-- .const:ti_sysbios_family_arm_cc26xx_TimestampProvider_useClockTimer__C
  00000506    00000506    00000002   00000002    r-- .const:ti_sysbios_family_arm_m3_Hwi_Module__id__C
  00000508    00000508    00000002   00000002    r-- .const:ti_sysbios_gates_GateHwi_Module__id__C
  0000050a    0000050a    00000002   00000002    r-- .const:ti_sysbios_gates_GateMutex_Module__id__C
  0000050c    0000050c    00000002   00000002    r-- .const:ti_sysbios_heaps_HeapMem_Module__id__C
  0000050e    0000050e    00000002   00000002    r-- .const:ti_sysbios_knl_Task_initStackFlag__C
  00000510    00000510    00000001   00000001    r-- .const:ti_sysbios_knl_Clock_tickMode__C
  00000514    00000514    00000008   00000008    r-- .const:xdc_runtime_Startup_firstFxns__C
  0000051c    0000051c    00000008   00000008    r-- .const:xdc_runtime_Startup_lastFxns__C
  00000524    00000524    00000004   00000004    r-- .const:xdc_runtime_Assert_E_assertFailed__C
  00000528    00000528    00000004   00000004    r-- .const:xdc_runtime_Error_E_memory__C
  0000052c    0000052c    00000004   00000004    r-- .const:xdc_runtime_Error_policyFxn__C
  00000530    00000530    00000004   00000004    r-- .const:xdc_runtime_IGateProvider_Interface__BASE__C
  00000534    00000534    00000004   00000004    r-- .const:xdc_runtime_IHeap_Interface__BASE__C
  00000538    00000538    00000004   00000004    r-- .const:xdc_runtime_IModule_Interface__BASE__C
  0000053c    0000053c    00000004   00000004    r-- .const:xdc_runtime_Main_Module__diagsEnabled__C
  00000540    00000540    00000004   00000004    r-- .const:xdc_runtime_Main_Module__diagsIncluded__C
  00000544    00000544    00000004   00000004    r-- .const:xdc_runtime_Main_Module__diagsMask__C
  00000548    00000548    00000004   00000004    r-- .const:xdc_runtime_Memory_defaultHeapInstance__C
  0000054c    0000054c    00000004   00000004    r-- .const:xdc_runtime_Startup_execImpl__C
  00000550    00000550    00000004   00000004    r-- .const:xdc_runtime_Startup_maxPasses__C
  00000554    00000554    00000004   00000004    r-- .const:xdc_runtime_Startup_sfxnRts__C
  00000558    00000558    00000004   00000004    r-- .const:xdc_runtime_Startup_sfxnTab__C
  0000055c    0000055c    00000004   00000004    r-- .const:xdc_runtime_Startup_startModsFxn__C
  00000560    00000560    00000004   00000004    r-- .const:xdc_runtime_SysCallback_abortFxn__C
  00000564    00000564    00000004   00000004    r-- .const:xdc_runtime_SysCallback_exitFxn__C
  00000568    00000568    00000004   00000004    r-- .const:xdc_runtime_System_abortFxn__C
  0000056c    0000056c    00000004   00000004    r-- .const:xdc_runtime_System_exitFxn__C
  00000570    00000570    00000004   00000004    r-- .const:xdc_runtime_System_maxAtexitHandlers__C
  00000574    00000574    00000004   00000004    r-- .const:xdc_runtime_Text_charTab__C
  00000578    00000578    00000004   00000004    r-- .const:xdc_runtime_Text_nameEmpty__C
  0000057c    0000057c    00000004   00000004    r-- .const:xdc_runtime_Text_nameStatic__C
  00000580    00000580    00000004   00000004    r-- .const:xdc_runtime_Text_nameUnknown__C
  00000584    00000584    00000002   00000002    r-- .const:xdc_runtime_Main_Module__id__C
  00000586    00000586    00000002   00000002    r-- .const:xdc_runtime_Memory_Module__id__C
  00000588    00000588    00000002   00000002    r-- .const:xdc_runtime_Text_charCnt__C
  0000058a    0000058a    00000002   00000002    r-- .const:xdc_runtime_Text_isLoaded__C
  0000058c    0000058c    00000001   00000001    r-- .const:xdc_runtime_Error_policy__C
  00000590    00000590    00000004   00000004    r-- .const:ti_sysbios_rom_ROM_AONRTCChannelEnable
  00000594    00000594    00000004   00000004    r-- .const:ti_sysbios_rom_ROM_AONRTCCompareValueSet
  00000598    00000598    00000004   00000004    r-- .const:ti_sysbios_rom_ROM_AONRTCCurrentCompareValueGet
  0000059c    0000059c    00000004   00000004    r-- .const:ti_sysbios_rom_ROM_AONRTCEventClear
  000005a0    000005a0    00000004   00000004    r-- .const:ti_sysbios_rom_ROM_ti_sysbios_family_arm_cc26xx_Timer_getCount64__E
  000005a4    000005a4    00000004   00000004    r-- .const:ti_sysbios_rom_ROM_ti_sysbios_family_arm_cc26xx_Timer_getCurrentTick__E
  000005a8    000005a8    00000004   00000004    r-- .const:ti_sysbios_rom_ROM_ti_sysbios_family_arm_cc26xx_Timer_getMaxTicks__E
  000005ac    000005ac    00000004   00000004    r-- .const:ti_sysbios_rom_ROM_ti_sysbios_family_arm_cc26xx_Timer_initDevice__I
  000005b0    000005b0    00000004   00000004    r-- .const:ti_sysbios_rom_ROM_ti_sysbios_family_arm_cc26xx_Timer_setNextTick__E
  000005b4    000005b4    00000004   00000004    r-- .const:ti_sysbios_rom_ROM_ti_sysbios_family_arm_cc26xx_Timer_setThreshold__I
  000005b8    000005b8    00000004   00000004    r-- .const:ti_sysbios_rom_ROM_ti_sysbios_family_arm_cc26xx_Timer_start__E
  000005bc    000005bc    00000004   00000004    r-- .const:ti_sysbios_rom_ROM_ti_sysbios_family_arm_cc26xx_TimestampProvider_get32__E
  000005c0    000005c0    00000004   00000004    r-- .const:ti_sysbios_rom_ROM_xdc_runtime_Startup_getState__I
  000005c4    000005c4    00000004   00000004    r-- .const:ti_sysbios_rom_ROM_xdc_runtime_System_SupportProxy_abort__E
  000005c8    000005c8    00000004   00000004    r-- .const:ti_sysbios_rom_ROM_xdc_runtime_System_SupportProxy_exit__E
  000005cc    000005cc    00000004   00000004    r-- .const:ti_sysbios_gates_GateMutex_Instance_State_sem__O
  000005d0    000005d0    00000004   00000004    r-- .const:ti_sysbios_knl_Clock_Module_State_clockQ__O
  000005d4    000005d4    00000004   00000004    r-- .const:ti_sysbios_knl_Mailbox_Instance_State_dataQue__O
  000005d8    000005d8    00000004   00000004    r-- .const:ti_sysbios_knl_Mailbox_Instance_State_dataSem__O
  000005dc    000005dc    00000004   00000004    r-- .const:ti_sysbios_knl_Mailbox_Instance_State_freeQue__O
  000005e0    000005e0    00000004   00000004    r-- .const:ti_sysbios_knl_Mailbox_Instance_State_freeSem__O
  000005e4    000005e4    00000004   00000004    r-- .const:ti_sysbios_knl_Semaphore_Instance_State_pendQ__O
  000005e8    000005e8    00000004   00000004    r-- .const:ti_sysbios_knl_Task_Module_State_inactiveQ__O
  000005ec    000005ec    0000a70c   0000a70c    r-x .text
  0000acf8    0000acf8    000026b8   000026b8    r-- .const
  0000d3b0    0000d3b0    000003d8   000003d8    r-- .cinit
0001ffa8    0001ffa8    00000058   00000058    r--
  0001ffa8    0001ffa8    00000058   00000058    r-- .ccfg
20000100    20000100    00000104   00000000    rw-
  20000100    20000100    00000044   00000000    rw- .data:ti_sysbios_knl_Task_Module__state__V
  20000144    20000144    00000034   00000000    rw- .data:ti_sysbios_family_arm_m3_Hwi_Module__state__V
  20000178    20000178    0000002c   00000000    rw- .data:ti_sysbios_knl_Clock_Module__state__V
  200001a4    200001a4    00000024   00000000    rw- .data:ti_sysbios_BIOS_Module__state__V
  200001c8    200001c8    0000001c   00000000    rw- .data:ti_sysbios_knl_Swi_Module__state__V
  200001e4    200001e4    00000008   00000000    rw- .data:ti_sysbios_family_arm_cc26xx_Timer_Module__state__V
  200001ec    200001ec    00000004   00000000    rw- .data:ti_sysbios_family_arm_cc26xx_TimestampProvider_Module__state__V
  200001f0    200001f0    00000008   00000000    rw- .data:xdc_runtime_Startup_Module__state__V
  200001f8    200001f8    00000008   00000000    rw- .data:xdc_runtime_System_Module__state__V
  20000200    20000200    00000004   00000000    rw- .data:xdc_runtime_Memory_Module__state__V
20000430    20000430    00000010   00000000    rw-
  20000430    20000430    00000010   00000000    rw- .TI.bound:dmaSpi0RxControlTableEntry
20000440    20000440    00000010   00000000    rw-
  20000440    20000440    00000010   00000000    rw- .TI.bound:dmaSpi0TxControlTableEntry
20000500    20000500    00000010   00000000    rw-
  20000500    20000500    00000010   00000000    rw- .TI.bound:dmaSpi1RxControlTableEntry
20000510    20000510    000029bc   00000000    rw-
  20000510    20000510    00000010   00000000    rw- .TI.bound:dmaSpi1TxControlTableEntry
  20000520    20000520    00002232   00000000    rw- .bss
  20002758    20002758    00000774   00000000    rw- .data
20004d00    20004d00    00000300   00000000    rw-
  20004d00    20004d00    00000300   00000000    rw- .stack


SECTION ALLOCATION MAP

 output                                  attributes/
section   page    origin      length       input sections
--------  ----  ----------  ----------   ----------------
.text      0    000005ec    0000a70c     
                  000005ec    00001106     rtsv7M3_T_le_eabi.lib : _printfi.obj (.text)
                  000016f2    00000002     display.aem3 : DisplayUart.oem3 (.text:DisplayUart_clear)
                  000016f4    000003b8     rf_singleMode_cc26xxware.aem3 : RFCC26XX_singleMode.oem3 (.text:fsmActiveState)
                  00001aac    0000033c     rom_sysbios.aem3 : rom_sysbios.obj (.text:xdc_runtime_System_doPrint__I)
                  00001de8    00000324     EasyLink.obj (.text:EasyLink_init)
                  0000210c    000002e8     grlib.aem3 : string.oem3 (.text:GrStringDraw)
                  000023f4    00000228     drivers_cc26xxware.aem3 : PowerCC26XX.oem3 (.text:Power_sleep)
                  0000261c    00000204     driverlib.lib : sys_ctrl.obj (.text:NOROM_SysCtrlSetRechargeBeforePowerDown)
                  00002820    000001f4     rtsv7M3_T_le_eabi.lib : ull_div_t2.obj (.text)
                  00002a14    000001dc     rf_singleMode_cc26xxware.aem3 : RFCC26XX_singleMode.oem3 (.text:RF_postCmd)
                  00002bf0    000001d0     drivers_cc26xxware.aem3 : PowerCC26XX_calibrateRCOSC.oem3 (.text:calibrateRcoscHf1)
                  00002dc0    000001c4                             : PINCC26XX.oem3 (.text:PIN_init)
                  00002f84    000001c4     rtsv7M3_T_le_eabi.lib : fopen.obj (.text)
                  00003148    000001b6                           : fd_add_t2.obj (.text)
                  000032fe    00000002     display.aem3 : DisplayUart.oem3 (.text:DisplayUart_clearLines)
                  00003300    000001a0     drivers_cc26xxware.aem3 : UARTCC26XX.oem3 (.text:UARTCC26XX_open)
                  000034a0    00000188     EasyLink.obj (.text:rxDoneCallback)
                  00003628    00000184     drivers_cc26xxware.aem3 : PowerCC26XX_calibrateRCOSC.oem3 (.text:PowerCC26XX_doCalibrate)
                  000037ac    00000170     EasyLink.obj (.text:EasyLink_receiveAsync)
                  0000391c    0000016c     ConcentratorTask.obj (.text:updateLcd)
                  00003a88    00000168     rf_singleMode_cc26xxware.aem3 : RFCC26XX_singleMode.oem3 (.text:fsmSetupState)
                  00003bf0    00000168     rfExamples_pem3.oem3 (.text:xdc_runtime_System_printfExtend__I)
                  00003d58    00000160     drivers_cc26xxware.aem3 : SPICC26XXDMA.oem3 (.text:SPICC26XXDMA_initIO)
                  00003eb8    00000150     smartrf_settings.obj (.text:rf_patch_rfe_genfsk)
                  00004008    00000150     smartrf_settings_predefined.obj (.text:rf_patch_rfe_genfsk)
                  00004158    00000148     drivers_cc26xxware.aem3 : SPICC26XXDMA.oem3 (.text:SPICC26XXDMA_open)
                  000042a0    00000140     display.aem3 : DisplaySharp.oem3 (.text:DisplaySharp_open)
                  000043e0    0000013c     EasyLink.obj (.text:EasyLink_transmit)
                  0000451c    00000136     rtsv7M3_T_le_eabi.lib : fd_div_t2.obj (.text)
                  00004652    00000002     driverlib.lib : rfc.obj (.text:NOROM_RFCAdi3VcoLdoVoltageMode)
                  00004654    00000134     rtsv7M3_T_le_eabi.lib : fputs.obj (.text)
                  00004788    00000130     driverlib.lib : setup_rom.obj (.text:NOROM_SetupAfterColdResetWakeupFromShutDownCfg3)
                  000048b8    0000012c     ConcentratorRadioTask.obj (.text:concentratorRadioTaskFunction)
                  000049e4    00000128     rf_singleMode_cc26xxware.aem3 : RFCC26XX_singleMode.oem3 (.text:rf_init)
                  00004b0c    0000011c     drivers_cc26xxware.aem3 : PowerCC26XX.oem3 (.text:Power_init)
                  00004c28    0000011c                             : UARTCC26XX.oem3 (.text:UARTCC26XX_read)
                  00004d44    00000118     rf_singleMode_cc26xxware.aem3 : RFCC26XX_singleMode.oem3 (.text:hwiFxnCpe0Active)
                  00004e5c    00000114     smartrf_settings.obj (.text:rf_patch_mce_genfsk)
                  00004f70    00000114     smartrf_settings_predefined.obj (.text:rf_patch_mce_genfsk)
                  00005084    00000110     drivers_cc26xxware.aem3 : UARTCC26XX.oem3 (.text:UARTCC26XX_hwiIntFxn)
                  00005194    00000108     rf_singleMode_cc26xxware.aem3 : RFCC26XX_singleMode.oem3 (.text:RF_close)
                  0000529c    00000100     lcd.aem3 : SharpGrLib.oem3 (.text:SharpGrLib_flush)
                  0000539c    000000fc     drivers_cc26xxware.aem3 : UARTCC26XX.oem3 (.text:UARTCC26XX_write)
                  00005498    000000fc     rtsv7M3_T_le_eabi.lib : fd_mul_t2.obj (.text)
                  00005594    000000f4     drivers_cc26xxware.aem3 : SPICC26XXDMA.oem3 (.text:SPICC26XXDMA_configDMA)
                  00005688    000000f0                             : SPICC26XXDMA.oem3 (.text:SPICC26XXDMA_transferCancel)
                  00005778    000000ec     ConcentratorTask.obj (.text:concentratorTaskFunction)
                  00005864    000000e8     rom_sysbios.aem3 : rom_sysbios.obj (.text:ti_sysbios_knl_Event_pend__E)
                  0000594c    000000e6     lcd.aem3 : SharpGrLib.oem3 (.text:SharpGrLib_rectFill)
                  00005a32    00000002     driverlib.lib : rfc.obj (.text:NOROM_RFCRTrim)
                  00005a34    000000e4                   : setup_rom.obj (.text:NOROM_SetupAfterColdResetWakeupFromShutDownCfg2)
                  00005b18    000000e0     display.aem3 : DisplaySharp.oem3 (.text:DisplaySharp_put5)
                  00005bf8    000000e0     drivers_cc26xxware.aem3 : PINCC26XX.oem3 (.text:PINCC26XX_setIoCfg)
                  00005cd8    000000dc     rtsv7M3_T_le_eabi.lib : setvbuf.obj (.text)
                  00005db4    000000d8     EasyLink.obj (.text:EasyLink_enableRxAddrFilter)
                  00005e8c    000000d4     power_cc26xx_tirtos.aem3 : PowerCC26XX_tirtos.oem3 (.text:PowerCC26XX_standbyPolicy)
                  00005f60    000000d4     drivers_cc26xxware.aem3 : PowerCC26XX.oem3 (.text:Power_releaseDependency)
                  00006034    000000d4                             : SPICC26XXDMA.oem3 (.text:SPICC26XXDMA_control)
                  00006108    000000d0     display.aem3 : DisplaySharp.oem3 (.text:DisplaySharp_control)
                  000061d8    000000d0     drivers_cc26xxware.aem3 : PowerCC26XX.oem3 (.text:Power_setDependency)
                  000062a8    000000d0     rtsv7M3_T_le_eabi.lib : s_scalbn.obj (.text)
                  00006378    000000cc     rf_singleMode_cc26xxware.aem3 : RFCC26XX_singleMode.oem3 (.text:RF_open)
                  00006444    000000c8     drivers_cc26xxware.aem3 : UARTCC26XX.oem3 (.text:UARTCC26XX_initHw)
                  0000650c    000000c8     rtsv7M3_T_le_eabi.lib : fflush.obj (.text)
                  000065d4    000000c8     ConcentratorRadioTask.obj (.text:rxDoneCallback)
                  0000669c    000000c4     rf_singleMode_cc26xxware.aem3 : RFCC26XX_singleMode.oem3 (.text:fsmPowerUpState)
                  00006760    000000bc     ConcentratorRadioTask.obj (.text:ConcentratorRadioTask_init)
                  0000681c    000000bc     lcd.aem3 : SharpGrLib.oem3 (.text:SharpGrLib_clearScreen)
                  000068d8    000000bc     driverlib.lib : setup.obj (.text:TrimAfterColdResetWakeupFromShutDown)
                  00006994    000000bc     rtsv7M3_T_le_eabi.lib : open.obj (.text)
                  00006a50    000000b0     drivers_cc26xxware.aem3 : SPICC26XXDMA.oem3 (.text:SPICC26XXDMA_transfer)
                  00006b00    000000ac     rtsv7M3_T_le_eabi.lib : _io_perm.obj (.text)
                  00006bac    000000aa     lcd.aem3 : SharpGrLib.oem3 (.text:SharpGrLib_lineDrawH)
                  00006c56    00000002     drivers_cc26xxware.aem3 : SPICC26XXDMA.oem3 (.text:SPICC26XXDMA_serviceISR)
                  00006c58    000000a8     driverlib.lib : setup.obj (.text:NOROM_SetupTrimDevice)
                  00006d00    000000a2     drivers_cc26xxware.aem3 : SPICC26XXDMA.oem3 (.text:SPICC26XXDMA_hwiFxn)
                  00006da2    00000002     rf_singleMode_cc26xxware.aem3 : RFCC26XX_singleMode.oem3 (.text:defaultErrCb)
                  00006da4    000000a0     auto_init.aem3 : auto_init.oem3 (.text)
                  00006e44    0000009c     rtsv7M3_T_le_eabi.lib : memcpy_t2.obj (.text)
                  00006ee0    00000098                           : fclose.obj (.text)
                  00006f78    00000098                           : fputc.obj (.text)
                  00007010    00000098     rom_sysbios.aem3 : rom_sysbios.obj (.text:ti_sysbios_knl_Clock_workFuncDynamic__E)
                  000070a8    00000094     drivers_cc26xxware.aem3 : PINCC26XX.oem3 (.text:PIN_open)
                  0000713c    00000094                             : UARTCC26XX.oem3 (.text:writeFinishedDoCallback)
                  000071d0    00000090                             : PowerCC26XX.oem3 (.text:switchXOSCHFclockFunc)
                  00007260    0000008c                             : UARTCC26XX.oem3 (.text:UARTCC26XX_initIO)
                  000072ec    0000008c                             : UARTCC26XX.oem3 (.text:UARTCC26XX_writeCancel)
                  00007378    0000008c     ConcentratorTask.obj (.text:updateNode)
                  00007404    00000088     grlib.aem3 : rectangle.oem3 (.text:GrRectFill)
                  0000748c    00000086     rtsv7M3_T_le_eabi.lib : fd_cmp_t2.obj (.text:__aeabi_cdcmple)
                  00007512    00000086                           : fd_cmp_t2.obj (.text:__aeabi_cdrcmple)
                  00007598    00000084     ConcentratorTask.obj (.text:packetReceivedCallback)
                  0000761c    00000084     rf_singleMode_cc26xxware.aem3 : RFCC26XX_singleMode.oem3 (.text:swiFxnHw)
                  000076a0    00000080                                   : RFCC26XX_singleMode.oem3 (.text:RF_pendCmd)
                  00007720    0000007c     drivers_cc26xxware.aem3 : PowerCC26XX.oem3 (.text:disableLFClockQualifiers)
                  0000779c    0000007a     rtsv7M3_T_le_eabi.lib : memset_t2.obj (.text)
                  00007816    00000002     drivers_cc26xxware.aem3 : PowerCC26XX.oem3 (.text:emptyClockFunc)
                  00007818    00000078     driverlib.lib : setup_rom.obj (.text:NOROM_SetupAfterColdResetWakeupFromShutDownCfg1)
                  00007890    00000078     drivers_cc26xxware.aem3 : UARTCC26XX.oem3 (.text:UARTCC26XX_close)
                  00007908    00000074                             : PowerCC26XX_calibrateRCOSC.oem3 (.text:PowerCC26XX_auxISR)
                  0000797c    00000074                             : PowerCC26XX_calibrateRCOSC.oem3 (.text:calibrateRcoscHf2)
                  000079f0    00000074     rf_singleMode_cc26xxware.aem3 : RFCC26XX_singleMode.oem3 (.text:decActiveClientCnt)
                  00007a64    00000074                                   : RFCC26XX_singleMode.oem3 (.text:fsmPowerDownState)
                  00007ad8    00000074     rom_sysbios.aem3 : rom_sysbios.obj (.text:ti_sysbios_family_arm_cc26xx_Timer_start__E)
                  00007b4c    00000074     drivers_cc26xxware.aem3 : UARTCC26XX.oem3 (.text:writeTxFifoFlush)
                  00007bc0    00000070     driverlib.lib : chipinfo.obj (.text:NOROM_ChipInfo_GetHwRevision)
                  00007c30    00000070     rtsv7M3_T_le_eabi.lib : getdevice.obj (.text)
                  00007ca0    00000070                           : printf.obj (.text)
                  00007d10    00000070     rom_sysbios.aem3 : rom_sysbios.obj (.text:ti_sysbios_knl_Event_post__E)
                  00007d80    0000006d                      : rom_sysbios.obj (.text:xdc_runtime_System_formatNum__I)
                  00007ded    00000001     --HOLE-- [fill = 0]
                  00007dee    00000002     smartrf_settings.obj (.text:enterGenfskSysPatch)
                  00007df0    0000006c     ConcentratorTask.obj (.text:ConcentratorTask_init)
                  00007e5c    0000006c     driverlib.lib : setup_rom.obj (.text:NOROM_SetupGetTrimForAmpcompCtrl)
                  00007ec8    0000006c     drivers_cc26xxware.aem3 : PINCC26XX.oem3 (.text:PIN_add)
                  00007f34    0000006c                             : PowerCC26XX.oem3 (.text:PowerCC26XX_calibrate)
                  00007fa0    0000006c                             : UARTCC26XX.oem3 (.text:UARTCC26XX_readCancel)
                  0000800c    00000068     driverlib.lib : setup_rom.obj (.text:NOROM_SetupGetTrimForAnabypassValue1)
                  00008074    00000068                   : sys_ctrl.obj (.text:NOROM_SysCtrl_DCDC_VoltageConditionalControl)
                  000080dc    00000068     rf_singleMode_cc26xxware.aem3 : RFCC26XX_singleMode.oem3 (.text:RF_getCurrentTime)
                  00008144    00000068     rtsv7M3_T_le_eabi.lib : copy_decompress_lzss.obj (.text:decompress:lzss)
                  000081ac    00000068                           : hostlseek.obj (.text)
                  00008214    00000068                           : hostrename.obj (.text)
                  0000827c    00000068                           : trgmsg.obj (.text)
                  000082e4    00000064     drivers_cc26xxware.aem3 : UARTCC26XX.oem3 (.text:UARTCC26XX_control)
                  00008348    00000064     rtsv7M3_T_le_eabi.lib : fseek.obj (.text)
                  000083ac    00000060     display.aem3 : DisplaySharp.oem3 (.text:DisplaySharp_clearLines)
                  0000840c    00000060     drivers_cc26xxware.aem3 : PowerCC26XX_calibrateRCOSC.oem3 (.text:PowerCC26XX_RCOSC_clockFunc)
                  0000846c    00000060                             : SPICC26XXDMA.oem3 (.text:SPICC26XXDMA_initHw)
                  000084cc    00000060     rf_singleMode_cc26xxware.aem3 : RFCC26XX_singleMode.oem3 (.text:fsmXOSCState)
                  0000852c    00000060     rtsv7M3_T_le_eabi.lib : hostopen.obj (.text)
                  0000858c    00000060     drivers_cc26xxware.aem3 : PowerCC26XX_calibrateRCOSC.oem3 (.text:updateSubSecInc)
                  000085ec    0000005c     driverlib.lib : osc.obj (.text:NOROM_OSCHF_AttemptToSwitchToXosc)
                  00008648    0000005c                   : sys_ctrl.obj (.text:NOROM_SysCtrlAdjustRechargeAfterPowerDown)
                  000086a4    0000005c     drivers_cc26xxware.aem3 : PINCC26XX.oem3 (.text:PIN_remove)
                  00008700    0000005c                             : UDMACC26XX.oem3 (.text:UDMACC26XX_open)
                  0000875c    0000005c     rtsv7M3_T_le_eabi.lib : close.obj (.text)
                  000087b8    0000005c                           : s_frexp.obj (.text)
                  00008814    0000005c     rfExamples_pem3.oem3 (.text:xdc_runtime_Startup_getState__I)
                  00008870    0000005a     drivers_cc26xxware.aem3 : SPICC26XXDMA.oem3 (.text:SPICC26XXDMA_close)
                  000088ca    00000058     display.aem3 : DisplayUart.oem3 (.text:DisplayUart_put5)
                  00008922    00000002     smartrf_settings_predefined.obj (.text:enterGenfskSysPatch)
                  00008924    00000058     drivers_cc26xxware.aem3 : PowerCC26XX_calibrateRCOSC.oem3 (.text:PowerCC26XX_initiateCalibration)
                  0000897c    00000058     lcd.aem3 : SharpGrLib.oem3 (.text:SharpGrLib_lineDrawV)
                  000089d4    00000058     ConcentratorTask.obj (.text:isKnownNodeAddress)
                  00008a2c    00000058     rtsv7M3_T_le_eabi.lib : hostread.obj (.text)
                  00008a84    00000058                           : hostwrite.obj (.text)
                  00008adc    00000058     ConcentratorRadioTask.obj (.text:sendAck)
                  00008b34    00000054     drivers_cc26xxware.aem3 : SPICC26XXDMA.oem3 (.text:SPICC26XXDMA_swiFxn)
                  00008b88    00000054                             : PowerCC26XX.oem3 (.text:configureXOSCHF)
                  00008bdc    00000054     rf_singleMode_cc26xxware.aem3 : RFCC26XX_singleMode.oem3 (.text:hwiFxnHw)
                  00008c30    00000054                                   : RFCC26XX_singleMode.oem3 (.text:ratChanFree)
                  00008c84    00000054     rtsv7M3_T_le_eabi.lib : ltoa.obj (.text)
                  00008cd8    00000050     driverlib.lib : setup_rom.obj (.text:NOROM_SetupSetCacheModeAccordingToCcfgSetting)
                  00008d28    00000050     rf_singleMode_cc26xxware.aem3 : RFCC26XX_singleMode.oem3 (.text:dispatchOpWhen)
                  00008d78    00000050                                   : RFCC26XX_singleMode.oem3 (.text:syncCb)
                  00008dc8    0000004e     grlib.aem3 : line.oem3 (.text:GrLineDrawH)
                  00008e16    0000004c     display.aem3 : DisplayUart.oem3 (.text:DisplayUart_open)
                  00008e62    00000002     rtsv7M3_T_le_eabi.lib : i_div0.obj (.text)
                  00008e64    0000004c     driverlib.lib : chipinfo.obj (.text:NOROM_ChipInfo_GetChipType)
                  00008eb0    0000004c                   : osc.obj (.text:NOROM_OSCClockSourceSet)
                  00008efc    0000004c     rf_singleMode_cc26xxware.aem3 : RFCC26XX_singleMode.oem3 (.text:applyRfCorePatch)
                  00008f48    0000004c     rtsv7M3_T_le_eabi.lib : atoi.obj (.text)
                  00008f94    0000004c                           : cpy_tbl.obj (.text)
                  00008fe0    0000004c     drivers_cc26xxware.aem3 : UARTCC26XX.oem3 (.text:startTxFifoEmptyClk)
                  0000902c    0000004a     display.aem3 : DisplaySharp.oem3 (.text:DisplaySharp_close)
                  00009076    0000004a     lcd.aem3 : SharpGrLib.oem3 (.text:SharpGrLib_drawMultiple)
                  000090c0    00000048     display.aem3 : Display.oem3 (.text:Display_doOpen)
                  00009108    00000048     driverlib.lib : chipinfo.obj (.text:NOROM_ChipInfo_GetChipFamily)
                  00009150    00000048                   : ddi.obj (.text:NOROM_DDI16BitfieldWrite)
                  00009198    00000048     drivers_cc26xxware.aem3 : PINCC26XX.oem3 (.text:PIN_setOutputEnable)
                  000091e0    00000048                             : PINCC26XX.oem3 (.text:PIN_swi)
                  00009228    00000048     rf_singleMode_cc26xxware.aem3 : RFCC26XX_singleMode.oem3 (.text:RF_runCmd)
                  00009270    00000048     rfWsnConcentrator.obj (.text:main)
                  000092b8    00000048     drivers_cc26xxware.aem3 : PowerCC26XX.oem3 (.text:notify)
                  00009300    00000048     rtsv7M3_T_le_eabi.lib : fd_toi_t2.obj (.text)
                  00009348    00000046     drivers_cc26xxware.aem3 : RingBuf.oem3 (.text:RingBuf_put)
                  0000938e    00000002     rom_sysbios.aem3 : rom_sysbios.obj (.text:ti_sysbios_BIOS_linkedWithIncorrectBootLibrary__E)
                  00009390    00000044     boot.aem3 : boot.oem3 (.text)
                  000093d4    00000044     rtsv7M3_T_le_eabi.lib : fd_tou_t2.obj (.text)
                  00009418    00000044                           : hostclose.obj (.text)
                  0000945c    00000044                           : hostunlink.obj (.text)
                  000094a0    00000042     lcd.aem3 : SharpGrLib.oem3 (.text:SharpGrLib_pixelDraw)
                  000094e2    00000002     rfExamples_pem3.oem3 (.text:ti_sysbios_BIOS_nullFunc__I)
                  000094e4    00000040     driverlib.lib : ddi.obj (.text:NOROM_DDI16BitfieldRead)
                  00009524    00000040     drivers_cc26xxware.aem3 : RingBuf.oem3 (.text:RingBuf_get)
                  00009564    00000040     rtsv7M3_T_le_eabi.lib : u_divt2.obj (.text)
                  000095a4    0000003c     driverlib.lib : osc.obj (.text:NOROM_OSC_HPOSCRelativeFrequencyOffsetGet)
                  000095e0    0000003c                   : rfc.obj (.text:NOROM_RFCSynthPowerDown)
                  0000961c    0000003c     drivers_cc26xxware.aem3 : PINCC26XX.oem3 (.text:PINCC26XX_getConfig)
                  00009658    0000003c                             : PINCC26XX.oem3 (.text:PIN_setOutputValue)
                  00009694    0000003c                             : SPICC26XXDMA.oem3 (.text:SPICC26XXDMA_csnCallback)
                  000096d0    0000003c                             : UARTCC26XX.oem3 (.text:UARTCC26XX_swiIntFxn)
                  0000970c    0000003c     ConcentratorTask.obj (.text:addNewNode)
                  00009748    0000003c     smartrf_settings.obj (.text:configureGenfskPatch)
                  00009784    0000003c     smartrf_settings_predefined.obj (.text:configureGenfskPatch)
                  000097c0    00000038     drivers_cc26xxware.aem3 : PINCC26XX.oem3 (.text:PIN_setInterrupt)
                  000097f8    00000038                             : SPI.oem3 (.text:SPI_init)
                  00009830    00000038                             : UART.oem3 (.text:UART_init)
                  00009868    00000038                             : UARTCC26XX.oem3 (.text:readData)
                  000098a0    00000038     rtsv7M3_T_le_eabi.lib : fs_tod_t2.obj (.text)
                  000098d8    00000038     rom_sysbios.aem3 : rom_sysbios.obj (.text:ti_sysbios_family_arm_cc26xx_Timer_getCurrentTick__E)
                  00009910    00000038     drivers_cc26xxware.aem3 : UARTCC26XX.oem3 (.text:writeData)
                  00009948    00000036                             : UDMACC26XX.oem3 (.text:UDMACC26XX_close)
                  0000997e    00000036     rtsv7M3_T_le_eabi.lib : strncpy.obj (.text)
                  000099b4    00000036     rf_singleMode_cc26xxware.aem3 : RFCC26XX_singleMode.oem3 (.text:updateImplicitState)
                  000099ea    00000002     rom_sysbios.aem3 : rom_sysbios.obj (.text:ti_sysbios_knl_Clock_triggerFunc__I)
                  000099ec    00000034     driverlib.lib : osc.obj (.text:NOROM_OSCHF_SwitchToRcOscTurnOffXosc)
                  00009a20    00000034     drivers_cc26xxware.aem3 : PINCC26XX.oem3 (.text:PIN_setConfig)
                  00009a54    00000034     rf_singleMode_cc26xxware.aem3 : RFCC26XX_singleMode.oem3 (.text:Q_push)
                  00009a88    00000034     drivers_cc26xxware.aem3 : UARTCC26XX.oem3 (.text:readData2RingBuf)
                  00009abc    00000034     rom_sysbios.aem3 : rom_sysbios.obj (.text:ti_sysbios_family_arm_cc26xx_Timer_initDevice__I)
                  00009af0    00000032     display.aem3 : DisplaySharp.oem3 (.text:DisplaySharp_clear)
                  00009b22    00000032     rom_sysbios.aem3 : rom_sysbios.obj (.text:ti_sysbios_family_arm_cc26xx_Timer_setNextTick__E)
                  00009b54    00000030     driverlib.lib : setup_rom.obj (.text:NOROM_SetupSetAonRtcSubSecInc)
                  00009b84    00000030     drivers_cc26xxware.aem3 : PowerCC26XX.oem3 (.text:Power_releaseConstraint)
                  00009bb4    00000030                             : PowerCC26XX.oem3 (.text:Power_setConstraint)
                  00009be4    00000030                             : SPI.oem3 (.text:SPI_open)
                  00009c14    00000030                             : UART.oem3 (.text:UART_open)
                  00009c44    00000030     rf_singleMode_cc26xxware.aem3 : RFCC26XX_singleMode.oem3 (.text:clkPowerUpFxn)
                  00009c74    00000030     rfExamples_pem3.oem3 (.text:ti_sysbios_BIOS_atExitFunc__I)
                  00009ca4    00000030     rfExamples_pem3.oem3 (.text:ti_sysbios_BIOS_startFunc__I)
                  00009cd4    00000030     rom_sysbios.aem3 : rom_sysbios.obj (.text:ti_sysbios_family_arm_cc26xx_Timer_setThreshold__I)
                  00009d04    0000002e     lcd.aem3 : SharpGrLib.oem3 (.text:SharpGrLib_initializeDisplayBuffer)
                  00009d32    0000002e     rfExamples_pem3.oem3 (.text:malloc)
                  00009d60    0000002e     rtsv7M3_T_le_eabi.lib : i_tofd_t2.obj (.text)
                  00009d8e    00000002     rfExamples_pem3.oem3 (.text:ti_sysbios_rom_cortexm_cc26xx_CC26xx_badRomRevision__E)
                  00009d90    0000002c     driverlib.lib : ddi.obj (.text:NOROM_DDI32RegWrite)
                  00009dbc    0000002c                   : setup_rom.obj (.text:NOROM_SetupGetTrimForRadcExtCfg)
                  00009de8    0000002c     drivers_cc26xxware.aem3 : PINCC26XX.oem3 (.text:PINCC26XX_setMux)
                  00009e14    0000002c     lcd.aem3 : SharpGrLib.oem3 (.text:SharpGrLib_init)
                  00009e40    0000002c     rf_singleMode_cc26xxware.aem3 : RFCC26XX_singleMode.oem3 (.text:getCmd)
                  00009e6c    0000002c     rtsv7M3_T_le_eabi.lib : unlink.obj (.text)
                  00009e98    0000002c     rom_sysbios.aem3 : rom_sysbios.obj (.text:ti_sysbios_knl_Clock_getTicksUntilInterrupt__E)
                  00009ec4    0000002c     rfExamples_pem3.oem3 (.text:ti_sysbios_knl_Event_construct)
                  00009ef0    0000002c     rom_sysbios.aem3 : rom_sysbios.obj (.text:ti_sysbios_knl_Event_pendTimeout__I)
                  00009f1c    0000002a                      : rom_sysbios.obj (.text:xdc_runtime_System_putchar__I)
                  00009f46    00000002                      : rom_sysbios.obj (.text:xdc_runtime_SysCallback_defaultAbort)
                  00009f48    00000028     driverlib.lib : aon_batmon.obj (.text:NOROM_AONBatMonTemperatureGetDegC)
                  00009f70    00000028     drivers_cc26xxware.aem3 : PowerCC26XX.oem3 (.text:Power_registerNotify)
                  00009f98    00000028     rf_singleMode_cc26xxware.aem3 : RFCC26XX_singleMode.oem3 (.text:Q_end)
                  00009fc0    00000028     drivers_cc26xxware.aem3 : SPICC26XXDMA.oem3 (.text:SPICC26XXDMA_flushFifos)
                  00009fe8    00000028     driverlib.lib : adi.obj (.text:SafeHapiVoid)
                  0000a010    00000028     rtsv7M3_T_le_eabi.lib : lseek.obj (.text)
                  0000a038    00000028                           : write.obj (.text)
                  0000a060    00000026     display.aem3 : Display.oem3 (.text:Display_doPut5)
                  0000a086    00000026     drivers_cc26xxware.aem3 : List.oem3 (.text:List_put)
                  0000a0ac    00000024                             : PINCC26XX.oem3 (.text:PINCC26XX_getPinCount)
                  0000a0d0    00000024                             : PowerCC26XX_calibrateRCOSC.oem3 (.text:getTdcSemaphore)
                  0000a0f4    00000024     rf_singleMode_cc26xxware.aem3 : RFCC26XX_singleMode.oem3 (.text:hwiFxnCpe0PowerFsm)
                  0000a118    00000024     ConcentratorRadioTask.obj (.text:notifyPacketReceived)
                  0000a13c    00000024     rfExamples_pem3.oem3 (.text:ti_sysbios_BIOS_registerRTSLock__I)
                  0000a160    00000024     rfExamples_pem3.oem3 (.text:ti_sysbios_BIOS_removeRTSLock__I)
                  0000a184    00000024     rom_sysbios.aem3 : rom_sysbios.obj (.text:ti_sysbios_family_arm_cc26xx_Timer_getMaxTicks__E)
                  0000a1a8    00000022     grlib.aem3 : context.oem3 (.text:GrContextInit)
                  0000a1ca    00000002     rom_sysbios.aem3 : rom_sysbios.obj (.text:xdc_runtime_SysCallback_defaultExit)
                  0000a1cc    00000020     driverlib.lib : rfc.obj (.text:NOROM_RFCDoorbellSendTo)
                  0000a1ec    00000020                   : rfc.obj (.text:NOROM_RFCRfTrimRead)
                  0000a20c    00000020                   : setup_rom.obj (.text:NOROM_SetupGetTrimForXoscHfCtl)
                  0000a22c    00000020     drivers_cc26xxware.aem3 : PowerCC26XX.oem3 (.text:Power_unregisterNotify)
                  0000a24c    00000020     rf_singleMode_cc26xxware.aem3 : RFCC26XX_singleMode.oem3 (.text:allocCmd)
                  0000a26c    00000020     rtsv7M3_T_le_eabi.lib : memchr.obj (.text)
                  0000a28c    00000020     rfExamples_pem3.oem3 (.text:ti_sysbios_BIOS_rtsLock__I)
                  0000a2ac    00000020     rom_sysbios.aem3 : rom_sysbios.obj (.text:ti_sysbios_family_arm_cc26xx_Timer_dynamicStub__E)
                  0000a2cc    00000020                      : rom_sysbios.obj (.text:ti_sysbios_knl_Clock_stop__E)
                  0000a2ec    00000020                      : rom_sysbios.obj (.text:ti_sysbios_knl_Event_checkEvents__I)
                  0000a30c    0000001e     drivers_cc26xxware.aem3 : PINCC26XX.oem3 (.text:PIN_close)
                  0000a32a    0000001e                             : PowerCC26XX.oem3 (.text:Power_getTransitionLatency)
                  0000a348    0000001c     driverlib.lib : osc.obj (.text:NOROM_OSCClockSourceGet)
                  0000a364    0000001c                   : setup_rom.obj (.text:NOROM_SetupGetTrimForAmpcompTh2)
                  0000a380    0000001c                   : setup_rom.obj (.text:NOROM_SetupGetTrimForRcOscLfRtuneCtuneTrim)
                  0000a39c    0000001c     drivers_cc26xxware.aem3 : PINCC26XX.oem3 (.text:PINCC26XX_setIoCfgMux)
                  0000a3b8    0000001c                             : PINCC26XX.oem3 (.text:PIN_hwi)
                  0000a3d4    0000001c                             : UDMACC26XX.oem3 (.text:UDMACC26XX_initHw)
                  0000a3f0    0000001c     smartrf_settings.obj (.text:enterGenfskCpePatch)
                  0000a40c    0000001c     smartrf_settings_predefined.obj (.text:enterGenfskCpePatch)
                  0000a428    0000001a     drivers_cc26xxware.aem3 : List.oem3 (.text:List_remove)
                  0000a442    0000001a     grlib.aem3 : string.oem3 (.text:NumLeadingZeros)
                  0000a45c    0000001a     rfExamples_pem3.oem3 (.text:free)
                  0000a476    0000001a     rtsv7M3_T_le_eabi.lib : memccpy.obj (.text)
                  0000a490    0000001a     rom_sysbios.aem3 : rom_sysbios_config.obj (.text:xdc_runtime_System_snprintf__E)
                  0000a4aa    00000018     display.aem3 : DisplayUart.oem3 (.text:DisplayUart_close)
                  0000a4c2    00000002     rom_sysbios.aem3 : rom_sysbios.obj (.text:xdc_runtime_SysCallback_defaultPutch)
                  0000a4c4    00000018     driverlib.lib : aon_rtc.obj (.text:NOROM_AONRTCCurrentCompareValueGet)
                  0000a4dc    00000018                   : chipinfo.obj (.text:NOROM_ChipInfo_GetPackageType)
                  0000a4f4    00000018                   : osc.obj (.text:NOROM_OSCHF_TurnOnXosc)
                  0000a50c    00000018                   : rfc.obj (.text:NOROM_RFCCpeIntGetAndClear)
                  0000a524    00000018                   : setup_rom.obj (.text:NOROM_SetupGetTrimForAdcShModeEn)
                  0000a53c    00000018                   : setup_rom.obj (.text:NOROM_SetupGetTrimForAdcShVbufEn)
                  0000a554    00000018                   : setup_rom.obj (.text:NOROM_SetupGetTrimForAmpcompTh1)
                  0000a56c    00000018                   : setup_rom.obj (.text:NOROM_SetupGetTrimForDblrLoopFilterResetVoltage)
                  0000a584    00000018                   : setup_rom.obj (.text:NOROM_SetupGetTrimForRcOscLfIBiasTrim)
                  0000a59c    00000018                   : setup_rom.obj (.text:NOROM_SetupGetTrimForXoscLfRegulatorAndCmirrwrRatio)
                  0000a5b4    00000018     drivers_cc26xxware.aem3 : PINCC26XX.oem3 (.text:PIN_getConfig)
                  0000a5cc    00000018                             : PowerCC26XX.oem3 (.text:Power_idleFunc)
                  0000a5e4    00000018     rf_singleMode_cc26xxware.aem3 : RFCC26XX_singleMode.oem3 (.text:Q_pop)
                  0000a5fc    00000018     drivers_cc26xxware.aem3 : UARTCC26XX.oem3 (.text:UARTCC26XX_init)
                  0000a614    00000018                             : UART.oem3 (.text:UART_Params_init)
                  0000a62c    00000018                             : PowerCC26XX.oem3 (.text:configureRFCoreClocks)
                  0000a644    00000018     lcd.aem3 : SharpGrLib.oem3 (.text:reverse)
                  0000a65c    00000018     rtsv7M3_T_le_eabi.lib : args_main.obj (.text)
                  0000a674    00000018                           : ll_mul_t2.obj (.text)
                  0000a68c    00000018                           : strcmp.obj (.text)
                  0000a6a4    00000018     rf_singleMode_cc26xxware.aem3 : RFCC26XX_singleMode.oem3 (.text:swiFxnFsm)
                  0000a6bc    00000018     rfExamples_pem3.oem3 (.text:ti_sysbios_BIOS_rtsUnlock__I)
                  0000a6d4    00000018     rom_sysbios.aem3 : rom_sysbios.obj (.text:ti_sysbios_knl_Swi_or__E)
                  0000a6ec    00000018     rfExamples_pem3.oem3 (.text:ti_sysbios_rom_cortexm_cc26xx_CC26xx_checkRevision__E)
                  0000a704    00000016     rtsv7M3_T_le_eabi.lib : strchr.obj (.text)
                  0000a71a    00000016                           : strcpy.obj (.text)
                  0000a730    00000016     rfExamples_pem3.oem3 (.text:ti_sysbios_BIOS_exitFunc__I)
                  0000a746    00000016     ConcentratorRadioTask.obj (.text:ti_sysbios_knl_Event_Params_init)
                  0000a75c    00000016     ConcentratorTask.obj (.text:ti_sysbios_knl_Event_Params_init)
                  0000a772    00000016     EasyLink.obj (.text:ti_sysbios_knl_Semaphore_Params_init)
                  0000a788    00000016     ConcentratorRadioTask.obj (.text:ti_sysbios_knl_Task_Params_init)
                  0000a79e    00000016     ConcentratorTask.obj (.text:ti_sysbios_knl_Task_Params_init)
                  0000a7b4    00000014     ConcentratorRadioTask.obj (.text:ConcentratorRadioTask_registerPacketReceivedCallback)
                  0000a7c8    00000014     driverlib.lib : aon_rtc.obj (.text:NOROM_AONRTCCurrent64BitValueGet)
                  0000a7dc    00000014                   : chipinfo.obj (.text:NOROM_ThisCodeIsBuiltForCC26xxHwRev22AndLater_HaltIfViolated)
                  0000a7f0    00000014     drivers_cc26xxware.aem3 : PINCC26XX.oem3 (.text:PINCC26XX_getOutputValue)
                  0000a804    00000014     rf_singleMode_cc26xxware.aem3 : RFCC26XX_singleMode.oem3 (.text:RF_Params_init)
                  0000a818    00000014     drivers_cc26xxware.aem3 : SPI.oem3 (.text:SPI_Params_init)
                  0000a82c    00000014     rtsv7M3_T_le_eabi.lib : _lock.obj (.text)
                  0000a840    00000014                           : strlen.obj (.text)
                  0000a854    00000014     rfExamples_pem3.oem3 (.text:ti_sysbios_knl_Clock_doTick__I)
                  0000a868    00000014     rom_sysbios.aem3 : rom_sysbios.obj (.text:ti_sysbios_knl_Event_Instance_init__E)
                  0000a87c    00000012     drivers_cc26xxware.aem3 : RingBuf.oem3 (.text:RingBuf_construct)
                  0000a88e    00000012     rfExamples_pem3.oem3 (.text:xdc_runtime_Startup_exec__I)
                  0000a8a0    00000010     rf_singleMode_cc26xxware.aem3 : RFCC26XX_singleMode.oem3 (.text:FsmDispatch)
                  0000a8b0    00000010     driverlib.lib : rfc.obj (.text:NOROM_RFCRfTrimSet)
                  0000a8c0    00000010                   : setup_rom.obj (.text:NOROM_SetupGetTrimForXoscHfFastStart)
                  0000a8d0    00000010                   : setup_rom.obj (.text:NOROM_SetupGetTrimForXoscHfIbiastherm)
                  0000a8e0    00000010     smartrf_settings.obj (.text:applyGenfskPatch)
                  0000a8f0    00000010     smartrf_settings_predefined.obj (.text:applyGenfskPatch)
                  0000a900    00000010     rom_sysbios.aem3 : rom_sysbios.obj (.text:ti_sysbios_family_arm_m3_Hwi_post__E)
                  0000a910    00000010     drivers_cc26xxware.aem3 : UARTCC26XX.oem3 (.text:uartPostNotify)
                  0000a920    00000010     rom_sysbios.aem3 : rom_sysbios.obj (.text:xdc_runtime_SysCallback_putch__E)
                  0000a930    00000010                      : rom_sysbios.obj (.text:xdc_runtime_SysCallback_ready__E)
                  0000a940    00000010                      : rom_sysbios.obj (.text:xdc_runtime_System_vsnprintf__E)
                  0000a950    0000000e     driverlib.lib : vims.obj (.text:NOROM_VIMSModeGet)
                  0000a95e    0000000e     drivers_cc26xxware.aem3 : SPICC26XXDMA.oem3 (.text:SPICC26XXDMA_init)
                  0000a96c    0000000e     rtsv7M3_T_le_eabi.lib : copy_decompress_none.obj (.text:decompress:none)
                  0000a97a    0000000e     rom_sysbios.aem3 : rom_sysbios.obj (.text:ti_sysbios_family_arm_cc26xx_TimestampProvider_get32__E)
                  0000a988    0000000c     display.aem3 : Display.oem3 (.text:Display_doClear)
                  0000a994    0000000c     rf_singleMode_cc26xxware.aem3 : RFCC26XX_singleMode.oem3 (.text:FsmNextState)
                  0000a9a0    0000000c     driverlib.lib : cpu.obj (.text:NOROM_CPUcpsid)
                  0000a9ac    0000000c                   : cpu.obj (.text:NOROM_CPUcpsie)
                  0000a9b8    0000000c     drivers_cc26xxware.aem3 : PINCC26XX.oem3 (.text:PIN_registerIntCb)
                  0000a9c4    0000000c                             : PowerCC26XX.oem3 (.text:Power_getConstraintMask)
                  0000a9d0    0000000c                             : PowerCC26XX.oem3 (.text:Power_getDependencyCount)
                  0000a9dc    0000000c     rtsv7M3_T_le_eabi.lib : copy_zero_init.obj (.text:decompress:ZI)
                  0000a9e8    0000000c     drivers_cc26xxware.aem3 : SPICC26XXDMA.oem3 (.text:spiPostNotify)
                  0000a9f4    0000000c     rfExamples_pem3.oem3 (.text:ti_sysbios_knl_Event_Params__init__S)
                  0000aa00    0000000c     ConcentratorRadioTask.obj (.text:ti_sysbios_knl_Event_handle)
                  0000aa0c    0000000c     ConcentratorTask.obj (.text:ti_sysbios_knl_Event_handle)
                  0000aa18    0000000c     rom_sysbios.aem3 : rom_sysbios.obj (.text:ti_sysbios_knl_Swi_getTrigger__E)
                  0000aa24    0000000c     rfExamples_pem3.oem3 (.text:xdc_runtime_Startup_reset__I)
                  0000aa30    0000000c     rom_sysbios.aem3 : rom_sysbios.obj (.text:xdc_runtime_Startup_rtsDone__E)
                  0000aa3c    0000000a     drivers_cc26xxware.aem3 : List.oem3 (.text:List_empty)
                  0000aa46    0000000a                             : SPI.oem3 (.text:SPI_close)
                  0000aa50    0000000a                             : SPI.oem3 (.text:SPI_transfer)
                  0000aa5a    0000000a     lcd.aem3 : SharpGrLib.oem3 (.text:SharpGrLib_colorTranslate)
                  0000aa64    0000000a     drivers_cc26xxware.aem3 : UART.oem3 (.text:UART_close)
                  0000aa6e    0000000a                             : UART.oem3 (.text:UART_write)
                  0000aa78    0000000a                             : UDMACC26XX.oem3 (.text:UDMACC26XX_hwiIntFxn)
                  0000aa82    00000002     --HOLE-- [fill = 0]
                  0000aa84    00000008     display.aem3 : DisplaySharp.oem3 (.text:DisplaySharp_getType)
                  0000aa8c    00000008     drivers_cc26xxware.aem3 : SPICC26XXDMA.oem3 (.text:SPICC26XXDMA_transferCallback)
                  0000aa94    00000008                             : UARTCC26XX.oem3 (.text:readSemCallback)
                  0000aa9c    00000008     smartrf_settings.obj (.text:rf_patch_cpe_genfsk)
                  0000aaa4    00000008     smartrf_settings_predefined.obj (.text:rf_patch_cpe_genfsk)
                  0000aaac    00000008     rtsv7M3_T_le_eabi.lib : s_copysign.obj (.text)
                  0000aab4    00000008     drivers_cc26xxware.aem3 : UARTCC26XX.oem3 (.text:writeSemCallback)
                  0000aabc    00000006     display.aem3 : DisplayUart.oem3 (.text:DisplayUart_control)
                  0000aac2    00000006                  : DisplayUart.oem3 (.text:DisplayUart_getType)
                  0000aac8    00000006                  : Display.oem3 (.text:Display_doParamsInit)
                  0000aace    00000006     drivers_cc26xxware.aem3 : UARTCC26XX.oem3 (.text:UARTCC26XX_readPolling)
                  0000aad4    00000006                             : UARTCC26XX.oem3 (.text:UARTCC26XX_writePolling)
                  0000aada    00000006     rf_singleMode_cc26xxware.aem3 : RFCC26XX_singleMode.oem3 (.text:clkInactivityFxn)
                  0000aae0    00000006     rom_sysbios.aem3 : rom_sysbios.obj (.text:ti_sysbios_family_arm_m3_Hwi_setFunc__E)
                  0000aae6    00000004     tirtosport.aem3 : HwiP_tirtos.oem3 (.text:HwiP_disable)
                  0000aaea    00000004     drivers_cc26xxware.aem3 : List.oem3 (.text:List_head)
                  0000aaee    00000004                             : List.oem3 (.text:List_next)
                  0000aaf2    00000004     rf_singleMode_cc26xxware.aem3 : RFCC26XX_singleMode.oem3 (.text:Q_peek)
                  0000aaf6    00000004     drivers_cc26xxware.aem3 : PowerCC26XX.oem3 (.text:nopResourceHandler)
                  0000aafa    00000004     rom_sysbios.aem3 : rom_sysbios.obj (.text:ti_sysbios_family_arm_cc26xx_Timer_getCount64__E)
                  0000aafe    00000004                      : rom_sysbios.obj (.text:xdc_runtime_SysCallback_defaultReady)
                  0000ab02    00000004                      : rom_sysbios.obj (.text:xdc_runtime_System_snprintf_va__F)
                  0000ab06    00000002     --HOLE-- [fill = 0]
                  0000ab08    00000008     (.tramp.xdc_runtime_Core_assignParams__I.1)
                  0000ab10    00000008     (.tramp.xdc_runtime_Startup_startMods__I.1)
                  0000ab18    00000008     (.tramp.ti_sysbios_knl_Queue_construct.1)
                  0000ab20    00000008     (.tramp.ti_sysbios_knl_Clock_logTick__E.1)
                  0000ab28    00000008     (.tramp.ti_sysbios_knl_Task_Params__init__S.1)
                  0000ab30    00000008     (.tramp.ti_sysbios_BIOS_RtsGateProxy_leave__E.1)
                  0000ab38    00000008     (.tramp.xdc_runtime_Memory_free__E.1)
                  0000ab40    00000008     (.tramp.ti_sysbios_BIOS_RtsGateProxy_enter__E.1)
                  0000ab48    00000008     (.tramp.xdc_runtime_Core_constructObject__I.1)
                  0000ab50    00000008     (.tramp.xdc_runtime_Memory_alloc__E.1)
                  0000ab58    00000008     (.tramp.ti_sysbios_knl_Task_startup__E.1)
                  0000ab60    00000008     (.tramp.ti_sysbios_knl_Swi_startup__E.1)
                  0000ab68    00000008     (.tramp.ti_sysbios_hal_Hwi_startup__E.1)
                  0000ab70    00000008     (.tramp.ti_sysbios_family_arm_cc26xx_Timer_startup__E.1)
                  0000ab78    00000008     (.tramp.xdc_runtime_System_atexit__E.1)
                  0000ab80    00000008     (.tramp.ti_sysbios_BIOS_setThreadType__E.1)
                  0000ab88    00000008     (.tramp.xdc_runtime_System_exit__E.1)
                  0000ab90    00000008     (.tramp.ti_sysbios_BIOS_start__E.1)
                  0000ab98    00000008     (.tramp.ti_sysbios_knl_Task_unblockI__E.1)
                  0000aba0    00000008     (.tramp.ti_sysbios_knl_Queue_remove__E.1)
                  0000aba8    00000008     (.tramp.ti_sysbios_knl_Queue_head__E.1)
                  0000abb0    00000008     (.tramp.ti_sysbios_knl_Queue_empty__E.1)
                  0000abb8    00000008     (.tramp.ti_sysbios_knl_Clock_scheduleNextTick__E.1)
                  0000abc0    00000008     (.tramp.ti_sysbios_knl_Clock_walkQueueDynamic__E.1)
                  0000abc8    00000008     (.tramp.ti_sysbios_knl_Clock_TimerProxy_getCurrentTick__E.1)
                  0000abd0    00000008     (.tramp.ti_sysbios_knl_Task_construct.1)
                  0000abd8    00000008     (.tramp.ti_sysbios_family_arm_m3_Hwi_enableInterrupt__E.1)
                  0000abe0    00000008     (.tramp.ti_sysbios_BIOS_getCpuFreq__E.1)
                  0000abe8    00000008     (.tramp.ti_sysbios_knl_Clock_removeI__E.1)
                  0000abf0    00000008     (.tramp.ti_sysbios_knl_Clock_startI__E.1)
                  0000abf8    00000008     (.tramp.ti_sysbios_knl_Task_blockI__E.1)
                  0000ac00    00000008     (.tramp.ti_sysbios_knl_Queue_enqueue__E.1)
                  0000ac08    00000008     (.tramp.ti_sysbios_knl_Task_self__E.1)
                  0000ac10    00000008     (.tramp.ti_sysbios_knl_Clock_addI__E.1)
                  0000ac18    00000008     (.tramp.ti_sysbios_knl_Task_sleep__E.1)
                  0000ac20    00000008     (.tramp.ti_sysbios_family_arm_m3_Hwi_destruct.1)
                  0000ac28    00000008     (.tramp.ti_sysbios_knl_Swi_destruct.1)
                  0000ac30    00000008     (.tramp.ti_sysbios_knl_Clock_destruct.1)
                  0000ac38    00000008     (.tramp.ti_sysbios_knl_Semaphore_destruct.1)
                  0000ac40    00000008     (.tramp.ti_sysbios_knl_Swi_post__E.1)
                  0000ac48    00000008     (.tramp.xdc_runtime_System_abort__E.1)
                  0000ac50    00000008     (.tramp.xdc_runtime_System_abortSpin__E.1)
                  0000ac58    00000008     (.tramp.ti_sysbios_knl_Clock_construct.1)
                  0000ac60    00000008     (.tramp.ti_sysbios_knl_Clock_Params__init__S.1)
                  0000ac68    00000008     (.tramp.ti_sysbios_knl_Swi_construct.1)
                  0000ac70    00000008     (.tramp.ti_sysbios_knl_Swi_Params__init__S.1)
                  0000ac78    00000008     (.tramp.ti_sysbios_family_arm_m3_Hwi_construct.1)
                  0000ac80    00000008     (.tramp.ti_sysbios_family_arm_m3_Hwi_Params__init__S.1)
                  0000ac88    00000008     (.tramp.ti_sysbios_knl_Semaphore_construct.1)
                  0000ac90    00000008     (.tramp.ti_sysbios_knl_Semaphore_Params__init__S.1)
                  0000ac98    00000008     (.tramp.ti_sysbios_knl_Task_restore__E.1)
                  0000aca0    00000008     (.tramp.ti_sysbios_knl_Swi_restore__E.1)
                  0000aca8    00000008     (.tramp.ti_sysbios_knl_Swi_disable__E.1)
                  0000acb0    00000008     (.tramp.ti_sysbios_knl_Task_disable__E.1)
                  0000acb8    00000008     (.tramp.ti_sysbios_knl_Semaphore_create.1)
                  0000acc0    00000008     (.tramp.xdc_runtime_Error_init__E.1)
                  0000acc8    00000008     (.tramp.ti_sysbios_knl_Semaphore_post__E.1)
                  0000acd0    00000008     (.tramp.ti_sysbios_knl_Semaphore_pend__E.1)
                  0000acd8    00000008     (.tramp.ti_sysbios_knl_Clock_start__E.1)
                  0000ace0    00000008     (.tramp.ti_sysbios_knl_Clock_setTimeout__E.1)
                  0000ace8    00000008     (.tramp.ti_sysbios_family_arm_m3_Hwi_restoreFxn__E.1)
                  0000acf0    00000008     (.tramp.ti_sysbios_family_arm_m3_Hwi_disableFxn__E.1)

.const     0    0000acf8    000026b8     
                  0000acf8    00000730     smartrf_settings.obj (.const:patchGenfskMce)
                  0000b428    00000730     smartrf_settings_predefined.obj (.const:patchGenfskMce)
                  0000bb58    000006bc     smartrf_settings.obj (.const:patchGenfskRfe)
                  0000c214    000006bc     smartrf_settings_predefined.obj (.const:patchGenfskRfe)
                  0000c8d0    000002f8     grlib.aem3 : fontfixed6x8.oem3 (.const:.string:g_pucFontFixed6x8Data)
                  0000cbc8    00000118     smartrf_settings.obj (.const:patchImageGenfsk)
                  0000cce0    00000118     smartrf_settings_predefined.obj (.const:patchImageGenfsk)
                  0000cdf8    00000101     rtsv7M3_T_le_eabi.lib : ctype.obj (.const:.string:_ctypes_)
                  0000cef9    00000001     display.aem3 : Display.oem3 (.const)
                  0000cefa    00000001     rfExamples_pem3.oem3 (.const:xdc_runtime_Text_charTab__A)
                  0000cefb    00000001     --HOLE-- [fill = 0]
                  0000cefc    000000c8     grlib.aem3 : fontfixed6x8.oem3 (.const:g_sFontFixed6x8)
                  0000cfc4    00000054     drivers_cc26xxware.aem3 : SPICC26XXDMA.oem3 (.const)
                  0000d018    0000004c                             : PowerCC26XX.oem3 (.const:resourceDB)
                  0000d064    00000048     rfExamples_pem3.oem3 (.const:.string)
                  0000d0ac    00000040     drivers_cc26xxware.aem3 : UARTCC26XX.oem3 (.const)
                  0000d0ec    00000038     CC2650_LAUNCHXL.obj (.const:spiCC26XXDMAHWAttrs)
                  0000d124    0000002c     CC2650_LAUNCHXL.obj (.const:BoardGpioInitTable)
                  0000d150    00000028     drivers_cc26xxware.aem3 : UARTCC26XX.oem3 (.const:UARTCC26XX_fxnTable)
                  0000d178    00000024     CC2650_LAUNCHXL.obj (.const:Display_config)
                  0000d19c    00000024     CC2650_LAUNCHXL.obj (.const:SPI_config)
                  0000d1c0    00000024     drivers_cc26xxware.aem3 : UART.oem3 (.const:UART_defaultParams)
                  0000d1e4    00000024     display.aem3 : DisplaySharp.oem3 (.const)
                  0000d208    00000024     rfExamples_pem3.oem3 (.const:xdc_runtime_Startup_sfxnTab__A)
                  0000d22c    00000020     drivers_cc26xxware.aem3 : SPI.oem3 (.const)
                  0000d24c    00000020     lcd.aem3 : SharpGrLib.oem3 (.const)
                  0000d26c    00000020     rfExamples_pem3.oem3 (.const:ti_sysbios_knl_Event_Object__DESC__C)
                  0000d28c    00000020     CC2650_LAUNCHXL.obj (.const:uartCC26XXHWAttrs)
                  0000d2ac    0000001c     display.aem3 : DisplayUart.oem3 (.const)
                  0000d2c8    00000018     CC2650_LAUNCHXL.obj (.const:UART_config)
                  0000d2e0    00000018     rfExamples_pem3.oem3 (.const:ti_sysbios_knl_Event_Object__PARAMS__C)
                  0000d2f8    00000014     CC2650_LAUNCHXL.obj (.const:displayUartHWAttrs)
                  0000d30c    00000014     rf_singleMode_cc26xxware.aem3 : RFCC26XX_singleMode.oem3 (.const)
                  0000d320    00000012     rfExamples_pem3.oem3 (.const:xdc_runtime_Startup_sfxnRts__A)
                  0000d332    00000010     lcd.aem3 : SharpGrLib.oem3 (.const:.string)
                  0000d342    00000002     --HOLE-- [fill = 0]
                  0000d344    00000010     CC2650_LAUNCHXL.obj (.const:PowerCC26XX_config)
                  0000d354    00000010     CC2650_LAUNCHXL.obj (.const:UDMACC26XX_config)
                  0000d364    00000010     CC2650_LAUNCHXL.obj (.const:displaySharpHWattrs)
                  0000d374    0000000c     rfExamples_pem3.oem3 (.const:xdc_runtime_Startup_firstFxns__A)
                  0000d380    00000008     CC2650_LAUNCHXL.obj (.const:PINCC26XX_hwAttrs)
                  0000d388    00000008     CC2650_LAUNCHXL.obj (.const:udmaHWAttrs)
                  0000d390    00000004     CC2650_LAUNCHXL.obj (.const:RFCC26XX_hwAttrs)
                  0000d394    00000004     rfExamples_pem3.oem3 (.const:ti_sysbios_knl_Clock_tickPeriod__C)
                  0000d398    00000004     rfExamples_pem3.oem3 (.const:ti_sysbios_knl_Clock_triggerClock__C)
                  0000d39c    00000004     rfExamples_pem3.oem3 (.const:ti_sysbios_knl_Event_Instance_State_pendQ__O)
                  0000d3a0    00000004     rfExamples_pem3.oem3 (.const:ti_sysbios_knl_Idle_funcList__A)
                  0000d3a4    00000004     rfExamples_pem3.oem3 (.const:xdc_runtime_SysCallback_putchFxn__C)
                  0000d3a8    00000004     rfExamples_pem3.oem3 (.const:xdc_runtime_SysCallback_readyFxn__C)
                  0000d3ac    00000004     rfExamples_pem3.oem3 (.const:xdc_runtime_System_extendFxn__C)

.cinit     0    0000d3b0    000003d8     
                  0000d3b0    00000262     (.cinit..data.load) [load image, compression = lzss]
                  0000d612    00000028     (.cinit..data:ti_sysbios_family_arm_m3_Hwi_Module__state__V.load) [load image, compression = lzss]
                  0000d63a    00000021     (.cinit..data:ti_sysbios_knl_Task_Module__state__V.load) [load image, compression = lzss]
                  0000d65b    0000001f     (.cinit..data:ti_sysbios_BIOS_Module__state__V.load) [load image, compression = lzss]
                  0000d67a    0000001d     (.cinit..data:ti_sysbios_knl_Clock_Module__state__V.load) [load image, compression = lzss]
                  0000d697    00000010     (.cinit..data:ti_sysbios_knl_Swi_Module__state__V.load) [load image, compression = lzss]
                  0000d6a7    00000001     --HOLE-- [fill = 0]
                  0000d6a8    0000000c     (__TI_handler_table)
                  0000d6b4    0000000b     (.cinit..data:ti_sysbios_family_arm_cc26xx_Timer_Module__state__V.load) [load image, compression = lzss]
                  0000d6bf    00000001     --HOLE-- [fill = 0]
                  0000d6c0    00000008     (.cinit..TI.bound:dmaSpi0RxControlTableEntry.load) [load image, compression = zero_init]
                  0000d6c8    00000008     (.cinit..TI.bound:dmaSpi0TxControlTableEntry.load) [load image, compression = zero_init]
                  0000d6d0    00000008     (.cinit..TI.bound:dmaSpi1RxControlTableEntry.load) [load image, compression = zero_init]
                  0000d6d8    00000008     (.cinit..TI.bound:dmaSpi1TxControlTableEntry.load) [load image, compression = zero_init]
                  0000d6e0    00000008     (.cinit..bss.load) [load image, compression = zero_init]
                  0000d6e8    00000008     (.cinit..data:xdc_runtime_Memory_Module__state__V.load) [load image, compression = lzss]
                  0000d6f0    00000007     (.cinit..data:ti_sysbios_family_arm_cc26xx_TimestampProvider_Module__state__V.load) [load image, compression = lzss]
                  0000d6f7    00000007     (.cinit..data:xdc_runtime_Startup_Module__state__V.load) [load image, compression = lzss]
                  0000d6fe    00000007     (.cinit..data:xdc_runtime_System_Module__state__V.load) [load image, compression = lzss]
                  0000d705    00000003     --HOLE-- [fill = 0]
                  0000d708    00000080     (__TI_cinit_table)

.init_array 
*          0    00000000    00000000     UNINITIALIZED

.ccfg      0    0001ffa8    00000058     
                  0001ffa8    00000058     ccfg.obj (.ccfg:retain)

.resetVecs 
*          0    00000000    0000003c     
                  00000000    0000003c     rfExamples_pem3.oem3 (.resetVecs)

.binit     0    00000000    00000000     

.const:ti_sysbios_knl_Task_Object__PARAMS__C 
*          0    00000100    0000003c     
                  00000100    0000003c     rfExamples_pem3.oem3 (.const:ti_sysbios_knl_Task_Object__PARAMS__C)

.const:ti_sysbios_knl_Mailbox_Object__PARAMS__C 
*          0    0000013c    00000034     
                  0000013c    00000034     rfExamples_pem3.oem3 (.const:ti_sysbios_knl_Mailbox_Object__PARAMS__C)

.const:ti_sysbios_family_arm_m3_Hwi_Object__PARAMS__C 
*          0    00000170    00000030     
                  00000170    00000030     rfExamples_pem3.oem3 (.const:ti_sysbios_family_arm_m3_Hwi_Object__PARAMS__C)

.const:ti_sysbios_hal_Hwi_Object__PARAMS__C 
*          0    000001a0    0000002c     
                  000001a0    0000002c     rfExamples_pem3.oem3 (.const:ti_sysbios_hal_Hwi_Object__PARAMS__C)

.const:ti_sysbios_heaps_HeapMem_Module__FXNS__C 
*          0    000001cc    00000028     
                  000001cc    00000028     rfExamples_pem3.oem3 (.const:ti_sysbios_heaps_HeapMem_Module__FXNS__C)

.const:ti_sysbios_knl_Swi_Object__PARAMS__C 
*          0    000001f4    00000028     
                  000001f4    00000028     rfExamples_pem3.oem3 (.const:ti_sysbios_knl_Swi_Object__PARAMS__C)

.const:ti_sysbios_gates_GateHwi_Module__FXNS__C 
*          0    0000021c    00000024     
                  0000021c    00000024     rfExamples_pem3.oem3 (.const:ti_sysbios_gates_GateHwi_Module__FXNS__C)

.const:ti_sysbios_gates_GateMutex_Module__FXNS__C 
*          0    00000240    00000024     
                  00000240    00000024     rfExamples_pem3.oem3 (.const:ti_sysbios_gates_GateMutex_Module__FXNS__C)

.const:ti_sysbios_heaps_HeapMem_Object__PARAMS__C 
*          0    00000264    00000024     
                  00000264    00000024     rfExamples_pem3.oem3 (.const:ti_sysbios_heaps_HeapMem_Object__PARAMS__C)

.const:ti_sysbios_knl_Clock_Object__PARAMS__C 
*          0    00000288    00000024     
                  00000288    00000024     rfExamples_pem3.oem3 (.const:ti_sysbios_knl_Clock_Object__PARAMS__C)

.const:ti_sysbios_knl_Semaphore_Object__PARAMS__C 
*          0    000002ac    00000024     
                  000002ac    00000024     rfExamples_pem3.oem3 (.const:ti_sysbios_knl_Semaphore_Object__PARAMS__C)

.const:ti_sysbios_family_arm_m3_Hwi_Object__DESC__C 
*          0    000002d0    00000020     
                  000002d0    00000020     rfExamples_pem3.oem3 (.const:ti_sysbios_family_arm_m3_Hwi_Object__DESC__C)

.const:ti_sysbios_gates_GateHwi_Object__DESC__C 
*          0    000002f0    00000020     
                  000002f0    00000020     rfExamples_pem3.oem3 (.const:ti_sysbios_gates_GateHwi_Object__DESC__C)

.const:ti_sysbios_gates_GateMutex_Object__DESC__C 
*          0    00000310    00000020     
                  00000310    00000020     rfExamples_pem3.oem3 (.const:ti_sysbios_gates_GateMutex_Object__DESC__C)

.const:ti_sysbios_hal_Hwi_Object__DESC__C 
*          0    00000330    00000020     
                  00000330    00000020     rfExamples_pem3.oem3 (.const:ti_sysbios_hal_Hwi_Object__DESC__C)

.const:ti_sysbios_heaps_HeapMem_Object__DESC__C 
*          0    00000350    00000020     
                  00000350    00000020     rfExamples_pem3.oem3 (.const:ti_sysbios_heaps_HeapMem_Object__DESC__C)

.const:ti_sysbios_knl_Clock_Object__DESC__C 
*          0    00000370    00000020     
                  00000370    00000020     rfExamples_pem3.oem3 (.const:ti_sysbios_knl_Clock_Object__DESC__C)

.const:ti_sysbios_knl_Mailbox_Object__DESC__C 
*          0    00000390    00000020     
                  00000390    00000020     rfExamples_pem3.oem3 (.const:ti_sysbios_knl_Mailbox_Object__DESC__C)

.const:ti_sysbios_knl_Queue_Object__DESC__C 
*          0    000003b0    00000020     
                  000003b0    00000020     rfExamples_pem3.oem3 (.const:ti_sysbios_knl_Queue_Object__DESC__C)

.const:ti_sysbios_knl_Semaphore_Object__DESC__C 
*          0    000003d0    00000020     
                  000003d0    00000020     rfExamples_pem3.oem3 (.const:ti_sysbios_knl_Semaphore_Object__DESC__C)

.const:ti_sysbios_knl_Swi_Object__DESC__C 
*          0    000003f0    00000020     
                  000003f0    00000020     rfExamples_pem3.oem3 (.const:ti_sysbios_knl_Swi_Object__DESC__C)

.const:ti_sysbios_knl_Task_Object__DESC__C 
*          0    00000410    00000020     
                  00000410    00000020     rfExamples_pem3.oem3 (.const:ti_sysbios_knl_Task_Object__DESC__C)

.const:ti_sysbios_gates_GateHwi_Object__PARAMS__C 
*          0    00000430    00000018     
                  00000430    00000018     rfExamples_pem3.oem3 (.const:ti_sysbios_gates_GateHwi_Object__PARAMS__C)

.const:ti_sysbios_gates_GateMutex_Object__PARAMS__C 
*          0    00000448    00000018     
                  00000448    00000018     rfExamples_pem3.oem3 (.const:ti_sysbios_gates_GateMutex_Object__PARAMS__C)

.const:ti_sysbios_knl_Queue_Object__PARAMS__C 
*          0    00000460    00000018     
                  00000460    00000018     rfExamples_pem3.oem3 (.const:ti_sysbios_knl_Queue_Object__PARAMS__C)

.const:ti_sysbios_knl_Idle_funcList__C 
*          0    00000478    00000008     
                  00000478    00000008     rfExamples_pem3.oem3 (.const:ti_sysbios_knl_Idle_funcList__C)

.const:ti_sysbios_family_arm_cc26xx_Timer_startupNeeded__C 
*          0    00000484    00000004     
                  00000484    00000004     rfExamples_pem3.oem3 (.const:ti_sysbios_family_arm_cc26xx_Timer_startupNeeded__C)

.const:ti_sysbios_family_arm_m3_Hwi_E_alreadyDefined__C 
*          0    00000488    00000004     
                  00000488    00000004     rfExamples_pem3.oem3 (.const:ti_sysbios_family_arm_m3_Hwi_E_alreadyDefined__C)

.const:ti_sysbios_family_arm_m3_Hwi_E_hwiLimitExceeded__C 
*          0    0000048c    00000004     
                  0000048c    00000004     rfExamples_pem3.oem3 (.const:ti_sysbios_family_arm_m3_Hwi_E_hwiLimitExceeded__C)

.const:ti_sysbios_family_arm_m3_Hwi_NUM_INTERRUPTS__C 
*          0    00000490    00000004     
                  00000490    00000004     rfExamples_pem3.oem3 (.const:ti_sysbios_family_arm_m3_Hwi_NUM_INTERRUPTS__C)

.const:ti_sysbios_family_arm_m3_Hwi_Object__count__C 
*          0    00000494    00000004     
                  00000494    00000004     rfExamples_pem3.oem3 (.const:ti_sysbios_family_arm_m3_Hwi_Object__count__C)

.const:ti_sysbios_family_arm_m3_Hwi_Object__table__C 
*          0    00000498    00000004     
                  00000498    00000004     rfExamples_pem3.oem3 (.const:ti_sysbios_family_arm_m3_Hwi_Object__table__C)

.const:ti_sysbios_family_arm_m3_Hwi_ccr__C 
*          0    0000049c    00000004     
                  0000049c    00000004     rfExamples_pem3.oem3 (.const:ti_sysbios_family_arm_m3_Hwi_ccr__C)

.const:ti_sysbios_family_arm_m3_Hwi_excHandlerFunc__C 
*          0    000004a0    00000004     
                  000004a0    00000004     rfExamples_pem3.oem3 (.const:ti_sysbios_family_arm_m3_Hwi_excHandlerFunc__C)

.const:ti_sysbios_family_arm_m3_Hwi_nullIsrFunc__C 
*          0    000004a4    00000004     
                  000004a4    00000004     rfExamples_pem3.oem3 (.const:ti_sysbios_family_arm_m3_Hwi_nullIsrFunc__C)

.const:ti_sysbios_family_arm_m3_Hwi_numSparseInterrupts__C 
*          0    000004a8    00000004     
                  000004a8    00000004     rfExamples_pem3.oem3 (.const:ti_sysbios_family_arm_m3_Hwi_numSparseInterrupts__C)

.const:ti_sysbios_family_arm_m3_Hwi_priGroup__C 
*          0    000004ac    00000004     
                  000004ac    00000004     rfExamples_pem3.oem3 (.const:ti_sysbios_family_arm_m3_Hwi_priGroup__C)

.const:ti_sysbios_family_arm_m3_TaskSupport_stackAlignment__C 
*          0    000004b0    00000004     
                  000004b0    00000004     rfExamples_pem3.oem3 (.const:ti_sysbios_family_arm_m3_TaskSupport_stackAlignment__C)

.const:ti_sysbios_heaps_HeapMem_E_memory__C 
*          0    000004b4    00000004     
                  000004b4    00000004     rfExamples_pem3.oem3 (.const:ti_sysbios_heaps_HeapMem_E_memory__C)

.const:ti_sysbios_heaps_HeapMem_Module__gateObj__C 
*          0    000004b8    00000004     
                  000004b8    00000004     rfExamples_pem3.oem3 (.const:ti_sysbios_heaps_HeapMem_Module__gateObj__C)

.const:ti_sysbios_heaps_HeapMem_Object__count__C 
*          0    000004bc    00000004     
                  000004bc    00000004     rfExamples_pem3.oem3 (.const:ti_sysbios_heaps_HeapMem_Object__count__C)

.const:ti_sysbios_heaps_HeapMem_Object__table__C 
*          0    000004c0    00000004     
                  000004c0    00000004     rfExamples_pem3.oem3 (.const:ti_sysbios_heaps_HeapMem_Object__table__C)

.const:ti_sysbios_heaps_HeapMem_reqAlign__C 
*          0    000004c4    00000004     
                  000004c4    00000004     rfExamples_pem3.oem3 (.const:ti_sysbios_heaps_HeapMem_reqAlign__C)

.const:ti_sysbios_knl_Clock_serviceMargin__C 
*          0    000004c8    00000004     
                  000004c8    00000004     rfExamples_pem3.oem3 (.const:ti_sysbios_knl_Clock_serviceMargin__C)

.const:ti_sysbios_knl_Mailbox_Object__count__C 
*          0    000004cc    00000004     
                  000004cc    00000004     rfExamples_pem3.oem3 (.const:ti_sysbios_knl_Mailbox_Object__count__C)

.const:ti_sysbios_knl_Mailbox_Object__table__C 
*          0    000004d0    00000004     
                  000004d0    00000004     rfExamples_pem3.oem3 (.const:ti_sysbios_knl_Mailbox_Object__table__C)

.const:ti_sysbios_knl_Queue_Object__count__C 
*          0    000004d4    00000004     
                  000004d4    00000004     rfExamples_pem3.oem3 (.const:ti_sysbios_knl_Queue_Object__count__C)

.const:ti_sysbios_knl_Queue_Object__table__C 
*          0    000004d8    00000004     
                  000004d8    00000004     rfExamples_pem3.oem3 (.const:ti_sysbios_knl_Queue_Object__table__C)

.const:ti_sysbios_knl_Swi_Object__count__C 
*          0    000004dc    00000004     
                  000004dc    00000004     rfExamples_pem3.oem3 (.const:ti_sysbios_knl_Swi_Object__count__C)

[...]
1001c22b  ti_sysbios_knl_Queue_Instance_init__E                                     
1001c231  ti_sysbios_knl_Queue_elemClear__E                                         
1001c237  ti_sysbios_knl_Swi_Module_startup__E                                      
1001c23d  ti_sysbios_knl_Swi_startup__E                                             
1001c243  ti_sysbios_knl_Task_enable__E                                             
1001c249  ti_sysbios_BIOS_RtsGateProxy_enter__E                                     
1001c24d  ti_sysbios_BIOS_RtsGateProxy_leave__E                                     
1001c251  ti_sysbios_family_arm_cc26xx_Timer_getExpiredTicks__E                     
1001c255  ti_sysbios_family_arm_cc26xx_Timer_getPeriod__E                           
1001c259  ti_sysbios_family_arm_cc26xx_Timer_setPeriod__E                           
1001c25d  ti_sysbios_family_arm_m3_Hwi_delete                                       
1001c261  ti_sysbios_family_arm_m3_Hwi_destruct                                     
1001c265  ti_sysbios_family_arm_m3_TaskSupport_Module__startupDone__S               
1001c265  ti_sysbios_knl_Task_SupportProxy_Module__startupDone__S__mangled__        
1001c269  ti_sysbios_gates_GateHwi_query__E                                         
1001c269  xdc_runtime_Main_Module_GateProxy_query__E                                
1001c269  xdc_runtime_System_Module_GateProxy_query__E                              
1001c269  xdc_runtime_System_Module_GateProxy_query__E__mangled__                   
1001c26d  ti_sysbios_gates_GateMutex_delete                                         
1001c271  ti_sysbios_gates_GateMutex_destruct                                       
1001c275  ti_sysbios_BIOS_RtsGateProxy_query__E                                     
1001c275  ti_sysbios_BIOS_RtsGateProxy_query__E__mangled__                          
1001c275  ti_sysbios_gates_GateMutex_query__E                                       
1001c275  ti_sysbios_heaps_HeapMem_Module_GateProxy_query__E                        
1001c275  ti_sysbios_heaps_HeapMem_Module_GateProxy_query__E__mangled__             
1001c279  ti_sysbios_hal_Hwi_HwiProxy_Module__startupDone__S                        
1001c27d  ti_sysbios_hal_Hwi_HwiProxy_delete                                        
1001c281  ti_sysbios_hal_Hwi_HwiProxy_disableInterrupt__E                           
1001c281  ti_sysbios_hal_Hwi_disableInterrupt__E                                    
1001c281  ti_sysbios_hal_Hwi_disableInterrupt__E                                    
1001c285  ti_sysbios_hal_Hwi_HwiProxy_enableInterrupt__E                            
1001c285  ti_sysbios_hal_Hwi_enableInterrupt__E                                     
1001c285  ti_sysbios_hal_Hwi_enableInterrupt__E                                     
1001c289  ti_sysbios_hal_Hwi_HwiProxy_getStackInfo__E                               
1001c289  ti_sysbios_hal_Hwi_getStackInfo__E                                        
1001c289  ti_sysbios_hal_Hwi_getStackInfo__E                                        
1001c28d  ti_sysbios_hal_Hwi_HwiProxy_startup__E                                    
1001c28d  ti_sysbios_hal_Hwi_startup__E                                             
1001c28d  ti_sysbios_hal_Hwi_startup__E                                             
1001c291  ti_sysbios_hal_Hwi_HwiProxy_switchFromBootStack__E                        
1001c295  ti_sysbios_hal_Hwi_delete                                                 
1001c299  ti_sysbios_hal_Hwi_switchFromBootStack__E                                 
1001c299  ti_sysbios_hal_Hwi_switchFromBootStack__E                                 
1001c29d  ti_sysbios_heaps_HeapMem_Module_GateProxy_enter__E                        
1001c2a1  ti_sysbios_heaps_HeapMem_Module_GateProxy_leave__E                        
1001c2a5  ti_sysbios_heaps_HeapMem_isBlocking__E                                    
1001c2a9  ti_sysbios_knl_Clock_TimerProxy_Module__startupDone__S                    
1001c2ad  ti_sysbios_knl_Clock_TimerProxy_getExpiredTicks__E                        
1001c2b1  ti_sysbios_knl_Clock_TimerProxy_getPeriod__E                              
1001c2b5  ti_sysbios_knl_Clock_delete                                               
1001c2b9  ti_sysbios_knl_Clock_destruct                                             
1001c2bd  ti_sysbios_knl_Clock_removeI__E                                           
1001c2c1  ti_sysbios_knl_Clock_setTimeout__E                                        
1001c2c5  ti_sysbios_knl_Mailbox_delete                                             
1001c2c9  ti_sysbios_knl_Mailbox_destruct                                           
1001c2cd  ti_sysbios_knl_Queue_delete                                               
1001c2d1  ti_sysbios_knl_Queue_destruct                                             
1001c2d5  ti_sysbios_knl_Queue_head__E                                              
1001c2d9  ti_sysbios_knl_Queue_next__E                                              
1001c2dd  ti_sysbios_knl_Semaphore_delete                                           
1001c2e1  ti_sysbios_knl_Semaphore_destruct                                         
1001c2e5  ti_sysbios_knl_Swi_delete                                                 
1001c2e9  ti_sysbios_knl_Swi_destruct                                               
1001c2ed  ti_sysbios_knl_Swi_postInit__I                                            
1001c2f1  ti_sysbios_knl_Task_SupportProxy_Module__startupDone__S                   
1001c2f5  ti_sysbios_knl_Task_SupportProxy_getStackAlignment__E                     
1001c2f9  ti_sysbios_knl_Task_SupportProxy_start__E                                 
1001c2fd  ti_sysbios_knl_Task_SupportProxy_swap__E                                  
1001c301  ti_sysbios_knl_Task_delete                                                
1001c305  ti_sysbios_knl_Task_destruct                                              
1001c309  ti_sysbios_knl_Task_startup__E                                            
1001c30d  xdc_runtime_Startup_startMods__I                                          
1001c405  xdc_runtime_Core_createObject__I                                          
1001c487  xdc_runtime_Error_policySpin__E                                           
1001c489  xdc_runtime_Memory_alloc__E                                               
1001c4f9  xdc_runtime_Core_deleteObject__I                                          
1001c559  xdc_runtime_Startup_exec__E                                               
1001c5a9  xdc_runtime_Assert_raise__I                                               
1001c5f1  xdc_runtime_Core_assignParams__I                                          
1001c639  xdc_runtime_Core_constructObject__I                                       
1001c681  xdc_runtime_System_atexit__E                                              
1001c6b9  xdc_runtime_System_processAtExit__E                                       
1001c6ed  xdc_runtime_Core_assignLabel__I                                           
1001c71d  xdc_runtime_Text_cordText__E                                              
1001c749  xdc_runtime_System_abort__E                                               
1001c769  xdc_runtime_Error_raiseX__E                                               
1001c785  xdc_runtime_Memory_valloc__E                                              
1001c7a1  xdc_runtime_Core_destructObject__I                                        
1001c7b9  xdc_runtime_Error_check__E                                                
1001c7d1  xdc_runtime_System_exit__E                                                
1001c7e9  xdc_runtime_Text_ropeText__E                                              
1001c801  xdc_runtime_Memory_free__E                                                
1001c811  xdc_runtime_SysCallback_abort__E                                          
1001c811  xdc_runtime_System_SupportProxy_abort__E                                  
1001c821  xdc_runtime_SysCallback_exit__E                                           
1001c821  xdc_runtime_System_SupportProxy_exit__E                                   
1001c831  xdc_runtime_Timestamp_SupportProxy_get32__E                               
1001c831  xdc_runtime_Timestamp_get32__E                                            
1001c831  xdc_runtime_Timestamp_get32__E                                            
1001c841  xdc_runtime_Error_init__E                                                 
1001c84d  xdc_runtime_Memory_calloc__E                                              
1001c859  xdc_runtime_Memory_getMaxDefaultTypeAlign__E                              
1001c879  xdc_runtime_Gate_leaveSystem__E                                           
1001c87f  xdc_runtime_System_Module_startup__E                                      
1001c885  xdc_runtime_Gate_enterSystem__E                                           
1001c889  xdc_runtime_Memory_HeapProxy_alloc__E                                     
1001c88d  xdc_runtime_Memory_HeapProxy_free__E                                      
1001c891  xdc_runtime_System_Module_GateProxy_enter__E                              
1001c895  xdc_runtime_System_Module_GateProxy_leave__E                              
1001c899  xdc_runtime_System_abortSpin__E                                           
1001c89b  xdc_runtime_System_exitSpin__E                                            
1001c89d  ti_sysbios_family_arm_m3_Hwi_dispatch__I                                  
1001c96d  ti_sysbios_family_arm_m3_TaskSupport_buildTaskStack                       
1001c9b9  ti_sysbios_family_arm_m3_Hwi_initStacks__E                                
1001ca01  ti_sysbios_family_arm_m3_Hwi_excHandlerAsm__I                             
1001ca21  ti_sysbios_family_xxx_Hwi_switchAndRunFunc                                
1001ca3f  ti_sysbios_family_arm_m3_Hwi_pendSV__I                                    
1001ca57  ti_sysbios_family_arm_m3_Hwi_return                                       
1001ca59  ti_sysbios_family_arm_m3_TaskSupport_glue                                 
1001ca69  ti_sysbios_family_arm_m3_TaskSupport_swap__E                              
1001ca69  ti_sysbios_knl_Task_SupportProxy_swap__E__mangled__                       
1001ca71  ti_sysbios_knl_Task_swapReturn                                            
1001ca9b  ti_sysbios_rom_cortexm_cc26xx_CC26xx_getRevision__E                       
20000000  ti_sysbios_family_arm_m3_Hwi_ramVectors                                   
20000100  ti_sysbios_knl_Task_Module__state__V                                      
20000144  ti_sysbios_family_arm_m3_Hwi_Module__state__V                             
20000178  ti_sysbios_knl_Clock_Module__state__V                                     
200001a4  ti_sysbios_BIOS_Module__state__V                                          
200001c8  ti_sysbios_knl_Swi_Module__state__V                                       
200001e4  ti_sysbios_family_arm_cc26xx_Timer_Module__state__V                       
200001ec  ti_sysbios_family_arm_cc26xx_TimestampProvider_Module__state__V           
200001f0  xdc_runtime_Startup_Module__state__V                                      
200001f8  xdc_runtime_System_Module__state__V                                       
20000200  xdc_runtime_Memory_Module__state__V                                       
200011a0  ti_sysbios_heaps_HeapMem_Instance_State_0_buf__A                          
200015a0  ti_sysbios_knl_Task_Instance_State_0_stack__A                             
200017a0  spiCC26XXDMAObjects                                                       
20001958  uartCC26XXObjects                                                         
20001a84  __CIOBUF_                                                                 
20001ba4  PIN_NumPins                                                               
20001ca8  ti_sysbios_family_arm_m3_Hwi_dispatchTable                                
20001e30  __TI_tmpnams                                                              
2000219c  PIN_HandleTable                                                           
20002218  displaySharpObject                                                        
20002284  concentratorRadioTask                                                     
200022d4  concentratorTask                                                          
20002468  knownSensorNodes                                                          
200024f8  displayUartObject                                                         
20002518  uartCC26XXRingBuffer                                                      
20002538  udmaObjects                                                               
2000264c  concentratorEvent                                                         
20002674  radioOperationEvent                                                       
20002710  parmbuf                                                                   
2000274d  driverlib_release_0_47020                                                 
20002758  PowerCC26XX_module                                                        
20002868  _ftable                                                                   
20002958  _device                                                                   
200029d0  pOverrides                                                                
20002a38  pOverrides_fsk                                                            
20002aa0  _stream                                                                   
20002af0  ti_sysbios_knl_Task_Object__table__V                                      
20002b3c  i                                                                         
20002b40  ti_sysbios_family_arm_cc26xx_Timer_Object__table__V                       
20002b88  RF_pProp_2_4G_fsk                                                         
20002b8c  RF_pProp_fsk                                                              
20002b90  RF_pProp_lrm                                                              
20002b94  RF_pProp_ook                                                              
20002b98  RF_pProp_hsm                                                              
20002b9c  RF_pCmdPropRadioSetup_2_4G_fsk                                            
20002ba0  RF_pCmdPropRadioDivSetup_fsk                                              
20002ba4  RF_pCmdPropRadioDivSetup_lrm                                              
20002ba8  RF_pCmdPropRadioDivSetup_ook                                              
20002bac  RF_pCmdRadioSetup_hsm                                                     
20002bb0  RF_pCmdFs_preDef                                                          
20002bb4  RF_pCmdPropTx_preDef                                                      
20002bb8  RF_pCmdPropRxAdv_preDef                                                   
20002bbc  RF_pCmdTxHS                                                               
20002bc0  RF_pCmdRxHS                                                               
20002bc4  ti_sysbios_gates_GateMutex_Object__table__V                               
20002bfc  RF_cmdPropRxAdv_preDef                                                    
20002c2c  ti_sysbios_knl_Swi_Module_State_0_readyQ__A                               
20002c5c  ti_sysbios_knl_Swi_Object__table__V                                       
20002c8c  RF_cmdPropRadioDivSetup                                                   
20002cac  RF_cmdPropRadioSetup_2_4G_fsk                                             
20002ccc  ti_sysbios_knl_Clock_Object__table__V                                     
20002cec  ti_sysbios_knl_Task_Module_State_0_readyQ__A                              
20002d0c  RF_cmdFs                                                                  
20002d24  RF_cmdFs_preDef                                                           
20002d3c  RF_cmdPropTx                                                              
20002d54  RF_cmdPropTx_preDef                                                       
20002d84  shape                                                                     
20002d9c  shape_preDef                                                              
20002db4  ti_sysbios_family_arm_m3_Hwi_Object__table__V                             
20002dcc  ti_sysbios_heaps_HeapMem_Object__table__V                                 
20002de4  RF_prop                                                                   
20002df4  RF_prop_2_4G_fsk                                                          
20002e04  __TI_ft_end                                                               
20002e08  __aeabi_stdin                                                             
20002e0c  __aeabi_stdout                                                            
20002e10  __aeabi_stderr                                                            
20002e24  __TI_cleanup_ptr                                                          
20002e28  __TI_dtors_ptr                                                            
20002e2c  __TI_enable_exit_profile_output                                           
20002e30  _lock                                                                     
20002e34  _unlock                                                                   
20002e38  ledPinTable                                                               
20002e40  ti_sysbios_family_arm_m3_Hwi_Module__root__V                              
20002e48  ti_sysbios_gates_GateHwi_Module__root__V                                  
20002e50  ti_sysbios_gates_GateMutex_Module__root__V                                
20002e58  ti_sysbios_hal_Hwi_Module__root__V                                        
20002e60  ti_sysbios_heaps_HeapMem_Module__root__V                                  
20002e68  ti_sysbios_knl_Clock_Module__root__V                                      
20002e70  ti_sysbios_knl_Event_Module__root__V                                      
20002e78  ti_sysbios_knl_Mailbox_Module__root__V                                    
20002e80  ti_sysbios_knl_Queue_Module__root__V                                      
20002e88  ti_sysbios_knl_Semaphore_Module__root__V                                  
20002e90  ti_sysbios_knl_Swi_Module__root__V                                        
20002e98  ti_sysbios_knl_Task_Module__root__V                                       
20002eac  errno                                                                     
20002eb8  main_func_sp                                                              
20002ebc  ti_sysbios_family_arm_m3_Hwi_Module_State_0_excContext__A                 
20002ec0  ti_sysbios_family_arm_m3_Hwi_Module_State_0_excStack__A                   
20002ec4  ti_sysbios_knl_Task_Module_State_0_idleTask__A                            
20002eca  ti_sysbios_family_arm_m3_Hwi_Module_State_0_excActive__A                  
20004d00  __stack                                                                   
20005000  __STACK_END                                                               
e000e000  ti_sysbios_family_arm_m3_Hwi_nvic                                         
ffffffff  __TI_pprof_out_hndl                                                       
ffffffff  __TI_prof_data_size                                                       
ffffffff  __TI_prof_data_start                                                      
ffffffff  __binit__                                                                 
ffffffff  __c_args__                                                                
ffffffff  binit                                                                     
UNDEFED   SHT$$INIT_ARRAY$$Base                                                     
UNDEFED   SHT$$INIT_ARRAY$$Limit                                                    

[941 symbols]
